Archive member included to satisfy reference by file (symbol)

c:/program files (x86)/atmel/studio/7.0/toolchain/arm/arm-gnu-toolchain/bin/../lib/gcc/arm-none-eabi/6.3.1/thumb/v7e-m\libgcc.a(_arm_addsubdf3.o)
                              src/main.o (__aeabi_i2d)
c:/program files (x86)/atmel/studio/7.0/toolchain/arm/arm-gnu-toolchain/bin/../lib/gcc/arm-none-eabi/6.3.1/thumb/v7e-m\libgcc.a(_arm_muldivdf3.o)
                              src/main.o (__aeabi_dmul)
c:/program files (x86)/atmel/studio/7.0/toolchain/arm/arm-gnu-toolchain/bin/../lib/gcc/arm-none-eabi/6.3.1/thumb/v7e-m\libgcc.a(_arm_fixdfsi.o)
                              src/main.o (__aeabi_d2iz)
c:/program files (x86)/atmel/studio/7.0/toolchain/arm/arm-gnu-toolchain/bin/../lib/gcc/arm-none-eabi/6.3.1/../../../../arm-none-eabi/lib/thumb/v7e-m\libc.a(lib_a-exit.o)
                              c:/program files (x86)/atmel/studio/7.0/toolchain/arm/arm-gnu-toolchain/bin/../lib/gcc/arm-none-eabi/6.3.1/../../../../arm-none-eabi/lib/thumb/v7e-m/crt0.o (exit)
c:/program files (x86)/atmel/studio/7.0/toolchain/arm/arm-gnu-toolchain/bin/../lib/gcc/arm-none-eabi/6.3.1/../../../../arm-none-eabi/lib/thumb/v7e-m\libc.a(lib_a-impure.o)
                              c:/program files (x86)/atmel/studio/7.0/toolchain/arm/arm-gnu-toolchain/bin/../lib/gcc/arm-none-eabi/6.3.1/../../../../arm-none-eabi/lib/thumb/v7e-m\libc.a(lib_a-exit.o) (_global_impure_ptr)
c:/program files (x86)/atmel/studio/7.0/toolchain/arm/arm-gnu-toolchain/bin/../lib/gcc/arm-none-eabi/6.3.1/../../../../arm-none-eabi/lib/thumb/v7e-m\libc.a(lib_a-init.o)
                              c:/program files (x86)/atmel/studio/7.0/toolchain/arm/arm-gnu-toolchain/bin/../lib/gcc/arm-none-eabi/6.3.1/../../../../arm-none-eabi/lib/thumb/v7e-m/crt0.o (__libc_init_array)
c:/program files (x86)/atmel/studio/7.0/toolchain/arm/arm-gnu-toolchain/bin/../lib/gcc/arm-none-eabi/6.3.1/../../../../arm-none-eabi/lib/thumb/v7e-m\libc.a(lib_a-memset.o)
                              c:/program files (x86)/atmel/studio/7.0/toolchain/arm/arm-gnu-toolchain/bin/../lib/gcc/arm-none-eabi/6.3.1/../../../../arm-none-eabi/lib/thumb/v7e-m/crt0.o (memset)
c:/program files (x86)/atmel/studio/7.0/toolchain/arm/arm-gnu-toolchain/bin/../lib/gcc/arm-none-eabi/6.3.1/../../../../arm-none-eabi/lib/thumb/v7e-m\libc.a(lib_a-sprintf.o)
                              src/main.o (sprintf)
c:/program files (x86)/atmel/studio/7.0/toolchain/arm/arm-gnu-toolchain/bin/../lib/gcc/arm-none-eabi/6.3.1/../../../../arm-none-eabi/lib/thumb/v7e-m\libc.a(lib_a-svfprintf.o)
                              c:/program files (x86)/atmel/studio/7.0/toolchain/arm/arm-gnu-toolchain/bin/../lib/gcc/arm-none-eabi/6.3.1/../../../../arm-none-eabi/lib/thumb/v7e-m\libc.a(lib_a-sprintf.o) (_svfprintf_r)
c:/program files (x86)/atmel/studio/7.0/toolchain/arm/arm-gnu-toolchain/bin/../lib/gcc/arm-none-eabi/6.3.1/../../../../arm-none-eabi/lib/thumb/v7e-m\libc.a(lib_a-__call_atexit.o)
                              c:/program files (x86)/atmel/studio/7.0/toolchain/arm/arm-gnu-toolchain/bin/../lib/gcc/arm-none-eabi/6.3.1/../../../../arm-none-eabi/lib/thumb/v7e-m\libc.a(lib_a-exit.o) (__call_exitprocs)
c:/program files (x86)/atmel/studio/7.0/toolchain/arm/arm-gnu-toolchain/bin/../lib/gcc/arm-none-eabi/6.3.1/../../../../arm-none-eabi/lib/thumb/v7e-m\libc.a(lib_a-atexit.o)
                              c:/program files (x86)/atmel/studio/7.0/toolchain/arm/arm-gnu-toolchain/bin/../lib/gcc/arm-none-eabi/6.3.1/../../../../arm-none-eabi/lib/thumb/v7e-m\libc.a(lib_a-__call_atexit.o) (atexit)
c:/program files (x86)/atmel/studio/7.0/toolchain/arm/arm-gnu-toolchain/bin/../lib/gcc/arm-none-eabi/6.3.1/../../../../arm-none-eabi/lib/thumb/v7e-m\libc.a(lib_a-dtoa.o)
                              c:/program files (x86)/atmel/studio/7.0/toolchain/arm/arm-gnu-toolchain/bin/../lib/gcc/arm-none-eabi/6.3.1/../../../../arm-none-eabi/lib/thumb/v7e-m\libc.a(lib_a-svfprintf.o) (_dtoa_r)
c:/program files (x86)/atmel/studio/7.0/toolchain/arm/arm-gnu-toolchain/bin/../lib/gcc/arm-none-eabi/6.3.1/../../../../arm-none-eabi/lib/thumb/v7e-m\libc.a(lib_a-fini.o)
                              c:/program files (x86)/atmel/studio/7.0/toolchain/arm/arm-gnu-toolchain/bin/../lib/gcc/arm-none-eabi/6.3.1/../../../../arm-none-eabi/lib/thumb/v7e-m\libc.a(lib_a-__call_atexit.o) (__libc_fini_array)
c:/program files (x86)/atmel/studio/7.0/toolchain/arm/arm-gnu-toolchain/bin/../lib/gcc/arm-none-eabi/6.3.1/../../../../arm-none-eabi/lib/thumb/v7e-m\libc.a(lib_a-localeconv.o)
                              c:/program files (x86)/atmel/studio/7.0/toolchain/arm/arm-gnu-toolchain/bin/../lib/gcc/arm-none-eabi/6.3.1/../../../../arm-none-eabi/lib/thumb/v7e-m\libc.a(lib_a-svfprintf.o) (_localeconv_r)
c:/program files (x86)/atmel/studio/7.0/toolchain/arm/arm-gnu-toolchain/bin/../lib/gcc/arm-none-eabi/6.3.1/../../../../arm-none-eabi/lib/thumb/v7e-m\libc.a(lib_a-lock.o)
[...]
Memory Configuration

Name             Origin             Length             Attributes
rom              0x00400000         0x00200000         xr
ram              0x20400000         0x00060000         xrw
*default*        0x00000000         0xffffffff

Linker script and memory map

LOAD c:/program files (x86)/atmel/studio/7.0/toolchain/arm/arm-gnu-toolchain/bin/../lib/gcc/arm-none-eabi/6.3.1/thumb/v7e-m/crti.o
LOAD c:/program files (x86)/atmel/studio/7.0/toolchain/arm/arm-gnu-toolchain/bin/../lib/gcc/arm-none-eabi/6.3.1/thumb/v7e-m/crtbegin.o
LOAD c:/program files (x86)/atmel/studio/7.0/toolchain/arm/arm-gnu-toolchain/bin/../lib/gcc/arm-none-eabi/6.3.1/../../../../arm-none-eabi/lib/thumb/v7e-m/crt0.o
LOAD src/ASF/sam/drivers/rtc/rtc.o
LOAD src/ASF/sam/drivers/rtt/rtt.o
LOAD src/main.o
LOAD src/ASF/common/services/delay/sam/cycle_counter.o
LOAD src/ASF/common/services/spi/sam_spi/spi_master.o
LOAD src/ASF/sam/components/display/ili9488/ili9488.o
LOAD src/ASF/sam/drivers/spi/spi.o
LOAD src/ASF/common/services/clock/same70/sysclk.o
LOAD src/ASF/common/utils/interrupt/interrupt_sam_nvic.o
LOAD src/ASF/sam/boards/same70_xplained/init.o
LOAD src/ASF/sam/drivers/mpu/mpu.o
LOAD src/ASF/sam/drivers/pio/pio.o
LOAD src/ASF/sam/drivers/pio/pio_handler.o
LOAD src/ASF/sam/drivers/pmc/pmc.o
LOAD src/ASF/sam/drivers/pmc/sleep.o
LOAD src/ASF/sam/utils/cmsis/same70/source/templates/gcc/startup_same70.o
LOAD src/ASF/sam/utils/cmsis/same70/source/templates/system_same70.o
LOAD src/ASF/sam/utils/syscalls/gcc/syscalls.o
START GROUP
LOAD ../src/ASF/thirdparty/CMSIS/Lib/GCC\libarm_cortexM7lfsp_math_softfp.a
LOAD c:/program files (x86)/atmel/studio/7.0/toolchain/arm/arm-gnu-toolchain/bin/../lib/gcc/arm-none-eabi/6.3.1/../../../../arm-none-eabi/lib/thumb/v7e-m\libm.a
END GROUP
START GROUP
LOAD c:/program files (x86)/atmel/studio/7.0/toolchain/arm/arm-gnu-toolchain/bin/../lib/gcc/arm-none-eabi/6.3.1/thumb/v7e-m\libgcc.a
LOAD c:/program files (x86)/atmel/studio/7.0/toolchain/arm/arm-gnu-toolchain/bin/../lib/gcc/arm-none-eabi/6.3.1/../../../../arm-none-eabi/lib/thumb/v7e-m\libc.a
END GROUP
LOAD c:/program files (x86)/atmel/studio/7.0/toolchain/arm/arm-gnu-toolchain/bin/../lib/gcc/arm-none-eabi/6.3.1/thumb/v7e-m/crtend.o
LOAD c:/program files (x86)/atmel/studio/7.0/toolchain/arm/arm-gnu-toolchain/bin/../lib/gcc/arm-none-eabi/6.3.1/thumb/v7e-m/crtn.o
                0x00002000                STACK_SIZE = DEFINED (STACK_SIZE)?STACK_SIZE:0x2000
                0x2045fffc                __ram_end__ = ((ORIGIN (ram) + LENGTH (ram)) - 0x4)
                0x00000200                HEAP_SIZE = DEFINED (HEAP_SIZE)?HEAP_SIZE:0x200

.text           0x00400000    0x4cfdc
                0x00400000                . = ALIGN (0x4)
                0x00400000                _sfixed = .
 *(.vectors .vectors.*)
 .vectors       0x00400000      0x168 src/ASF/sam/utils/cmsis/same70/source/templates/gcc/startup_same70.o
                0x00400000                exception_table
 *(.text .text.* .gnu.linkonce.t.*)
 .text          0x00400168       0x6c c:/program files (x86)/atmel/studio/7.0/toolchain/arm/arm-gnu-toolchain/bin/../lib/gcc/arm-none-eabi/6.3.1/thumb/v7e-m/crtbegin.o
 .text.rtc_get_status
                0x004001d4       0x18 src/ASF/sam/drivers/rtc/rtc.o
                0x004001d4                rtc_get_status
 .text.rtc_clear_status
                0x004001ec       0x1c src/ASF/sam/drivers/rtc/rtc.o
                0x004001ec                rtc_clear_status
 .text.rtt_init
                0x00400208       0x30 src/ASF/sam/drivers/rtt/rtt.o
                0x00400208                rtt_init
 .text.rtt_sel_source
                0x00400238       0x58 src/ASF/sam/drivers/rtt/rtt.o
                0x00400238                rtt_sel_source
 .text.rtt_enable_interrupt
                0x00400290       0x38 src/ASF/sam/drivers/rtt/rtt.o
                0x00400290                rtt_enable_interrupt
 .text.rtt_disable_interrupt
                0x004002c8       0x40 src/ASF/sam/drivers/rtt/rtt.o
                0x004002c8                rtt_disable_interrupt
 .text.rtt_read_timer_value
                0x00400308       0x2e src/ASF/sam/drivers/rtt/rtt.o
                0x00400308                rtt_read_timer_value
 *fill*         0x00400336        0x2 
 .text.rtt_write_alarm_time
                0x00400338       0x5c src/ASF/sam/drivers/rtt/rtt.o
                0x00400338                rtt_write_alarm_time
 .text.NVIC_EnableIRQ
                0x00400394       0x34 src/main.o
 .text.NVIC_DisableIRQ
                0x004003c8       0x34 src/main.o
 .text.NVIC_ClearPendingIRQ
                0x004003fc       0x34 src/main.o
 .text.NVIC_SetPriority
                0x00400430       0x54 src/main.o
 .text.button_callback
                0x00400484       0x18 src/main.o
                0x00400484                button_callback
 .text.RTC_Handler
                0x0040049c       0x70 src/main.o
                0x0040049c                RTC_Handler
 .text.RTT_init
                0x0040050c       0x98 src/main.o
 .text.configure_lcd
                0x004005a4       0x4c src/main.o
                0x004005a4                configure_lcd
 .text.font_draw_text
                0x004005f0       0x88 src/main.o
                0x004005f0                font_draw_text
 .text.io_init  0x00400678       0x70 src/main.o
                0x00400678                io_init
 .text.main     0x004006e8      0x148 src/main.o
                0x004006e8                main
 .text.osc_get_rate
                0x00400830       0x74 src/ASF/common/services/spi/sam_spi/spi_master.o
 .text.sysclk_get_main_hz
                0x004008a4       0x20 src/ASF/common/services/spi/sam_spi/spi_master.o
 .text.sysclk_get_peripheral_hz
                0x004008c4       0x14 src/ASF/common/services/spi/sam_spi/spi_master.o
 .text.spi_reset
                0x004008d8       0x1a src/ASF/common/services/spi/sam_spi/spi_master.o
 .text.spi_set_master_mode
                0x004008f2       0x20 src/ASF/common/services/spi/sam_spi/spi_master.o
 .text.spi_set_fixed_peripheral_select
                0x00400912       0x20 src/ASF/common/services/spi/sam_spi/spi_master.o
 .text.spi_disable_peripheral_select_decode
                0x00400932       0x20 src/ASF/common/services/spi/sam_spi/spi_master.o
 .text.spi_get_peripheral_select_decode_setting
                0x00400952       0x26 src/ASF/common/services/spi/sam_spi/spi_master.o
 .text.spi_disable_mode_fault_detect
                0x00400978       0x20 src/ASF/common/services/spi/sam_spi/spi_master.o
 .text.spi_disable_loopback
                0x00400998       0x20 src/ASF/common/services/spi/sam_spi/spi_master.o
 .text.spi_put  0x004009b8       0x1e src/ASF/common/services/spi/sam_spi/spi_master.o
 .text.spi_get  0x004009d6       0x1a src/ASF/common/services/spi/sam_spi/spi_master.o
 .text.spi_is_tx_ready
                0x004009f0       0x26 src/ASF/common/services/spi/sam_spi/spi_master.o
 .text.spi_is_rx_ready
                0x00400a16       0x2c src/ASF/common/services/spi/sam_spi/spi_master.o
 *fill*         0x00400a42        0x2 
 .text.spi_write_single
                0x00400a44       0x24 src/ASF/common/services/spi/sam_spi/spi_master.o
 .text.spi_read_single
                0x00400a68       0x24 src/ASF/common/services/spi/sam_spi/spi_master.o
 .text.spi_master_init
                0x00400a8c       0x70 src/ASF/common/services/spi/sam_spi/spi_master.o
                0x00400a8c                spi_master_init
 .text.spi_master_setup_device
                0x00400afc       0xb4 src/ASF/common/services/spi/sam_spi/spi_master.o
                0x00400afc                spi_master_setup_device
 .text.spi_select_device
                0x00400bb0       0x58 src/ASF/common/services/spi/sam_spi/spi_master.o
                0x00400bb0                spi_select_device
 .text.spi_write_packet
                0x00400c08       0x74 src/ASF/common/services/spi/sam_spi/spi_master.o
                0x00400c08                spi_write_packet
 .text.spi_read_packet
                0x00400c7c       0xac src/ASF/common/services/spi/sam_spi/spi_master.o
                0x00400c7c                spi_read_packet
 .text.spi_enable
                0x00400d28       0x1a src/ASF/sam/components/display/ili9488/ili9488.o
 .text.spi_enable_interrupt
                0x00400d42       0x1c src/ASF/sam/components/display/ili9488/ili9488.o
 *fill*         0x00400d5e        0x2 
 .text.ili9488_write_ram_prepare
                0x00400d60       0x40 src/ASF/sam/components/display/ili9488/ili9488.o
 .text.ili9488_write_ram_buffer
                0x00400da0       0x40 src/ASF/sam/components/display/ili9488/ili9488.o
 .text.ili9488_write_register
                0x00400de0       0x78 src/ASF/sam/components/display/ili9488/ili9488.o
 .text.ili9488_read_chipid
                0x00400e58       0xcc src/ASF/sam/components/display/ili9488/ili9488.o
 .text.ili9488_delay
                0x00400f24       0x40 src/ASF/sam/components/display/ili9488/ili9488.o
                0x00400f24                ili9488_delay
 .text.ili9488_check_box_coordinates
                0x00400f64       0xa2 src/ASF/sam/components/display/ili9488/ili9488.o
 *fill*         0x00401006        0x2 
 .text.ili9488_set_display_direction
                0x00401008       0x34 src/ASF/sam/components/display/ili9488/ili9488.o
                0x00401008                ili9488_set_display_direction
 .text.ili9488_set_window
                0x0040103c       0xc8 src/ASF/sam/components/display/ili9488/ili9488.o
                0x0040103c                ili9488_set_window
 .text.ili9488_init
                0x00401104      0x15c src/ASF/sam/components/display/ili9488/ili9488.o
                0x00401104                ili9488_init
 .text.ili9488_display_on
                0x00401260       0x18 src/ASF/sam/components/display/ili9488/ili9488.o
                0x00401260                ili9488_display_on
 .text.ili9488_set_foreground_color
                0x00401278       0x54 src/ASF/sam/components/display/ili9488/ili9488.o
                0x00401278                ili9488_set_foreground_color
 .text.ili9488_set_cursor_position
                0x004012cc       0x84 src/ASF/sam/components/display/ili9488/ili9488.o
                0x004012cc                ili9488_set_cursor_position
 .text.ili9488_draw_filled_rectangle
                0x00401350       0xdc src/ASF/sam/components/display/ili9488/ili9488.o
                0x00401350                ili9488_draw_filled_rectangle
 .text.ili9488_draw_pixmap
                0x0040142c       0xb4 src/ASF/sam/components/display/ili9488/ili9488.o
                0x0040142c                ili9488_draw_pixmap
 .text.spi_get_peripheral_select_mode
                0x004014e0       0x26 src/ASF/sam/drivers/spi/spi.o
 *fill*         0x00401506        0x2 
 .text.sysclk_enable_peripheral_clock
                0x00401508       0x1c src/ASF/sam/drivers/spi/spi.o
 .text.spi_enable_clock
                0x00401524       0x3c src/ASF/sam/drivers/spi/spi.o
                0x00401524                spi_enable_clock
 .text.spi_set_peripheral_chip_select_value
                0x00401560       0x34 src/ASF/sam/drivers/spi/spi.o
                0x00401560                spi_set_peripheral_chip_select_value
 .text.spi_set_delay_between_chip_select
                0x00401594       0x30 src/ASF/sam/drivers/spi/spi.o
                0x00401594                spi_set_delay_between_chip_select
 .text.spi_write
                0x004015c4       0x80 src/ASF/sam/drivers/spi/spi.o
                0x004015c4                spi_write
 .text.spi_set_clock_polarity
                0x00401644       0x50 src/ASF/sam/drivers/spi/spi.o
                0x00401644                spi_set_clock_polarity
 .text.spi_set_clock_phase
                0x00401694       0x50 src/ASF/sam/drivers/spi/spi.o
                0x00401694                spi_set_clock_phase
 .text.spi_configure_cs_behavior
                0x004016e4       0xa6 src/ASF/sam/drivers/spi/spi.o
                0x004016e4                spi_configure_cs_behavior
 .text.spi_set_bits_per_transfer
                0x0040178a       0x4a src/ASF/sam/drivers/spi/spi.o
                0x0040178a                spi_set_bits_per_transfer
 .text.spi_calc_baudrate_div
                0x004017d4       0x3c src/ASF/sam/drivers/spi/spi.o
                0x004017d4                spi_calc_baudrate_div
 .text.spi_set_baudrate_div
                0x00401810       0x5e src/ASF/sam/drivers/spi/spi.o
                0x00401810                spi_set_baudrate_div
 .text.spi_set_transfer_delay
                0x0040186e       0x5e src/ASF/sam/drivers/spi/spi.o
                0x0040186e                spi_set_transfer_delay
 .text.osc_enable
                0x004018cc       0x88 src/ASF/common/services/clock/same70/sysclk.o
 .text.osc_is_ready
                0x00401954       0x70 src/ASF/common/services/clock/same70/sysclk.o
 .text.osc_get_rate
                0x004019c4       0x74 src/ASF/common/services/clock/same70/sysclk.o
 .text.osc_wait_ready
                0x00401a38       0x2c src/ASF/common/services/clock/same70/sysclk.o
 .text.pll_config_init
                0x00401a64       0x6c src/ASF/common/services/clock/same70/sysclk.o
 .text.pll_enable
                0x00401ad0       0x40 src/ASF/common/services/clock/same70/sysclk.o
 .text.pll_is_locked
                0x00401b10       0x2c src/ASF/common/services/clock/same70/sysclk.o
 .text.pll_enable_source
                0x00401b3c       0x38 src/ASF/common/services/clock/same70/sysclk.o
 .text.pll_wait_for_lock
                0x00401b74       0x24 src/ASF/common/services/clock/same70/sysclk.o
 .text.sysclk_get_main_hz
                0x00401b98       0x20 src/ASF/common/services/clock/same70/sysclk.o
 .text.sysclk_get_cpu_hz
                0x00401bb8       0x14 src/ASF/common/services/clock/same70/sysclk.o
 .text.sysclk_init
                0x00401bcc       0x7c src/ASF/common/services/clock/same70/sysclk.o
                0x00401bcc                sysclk_init
 .text.SCB_EnableICache
                0x00401c48       0x38 src/ASF/sam/boards/same70_xplained/init.o
 .text.SCB_EnableDCache
                0x00401c80       0xa4 src/ASF/sam/boards/same70_xplained/init.o
 .text.sysclk_enable_peripheral_clock
                0x00401d24       0x1c src/ASF/sam/boards/same70_xplained/init.o
 .text.ioport_init
                0x00401d40       0x2c src/ASF/sam/boards/same70_xplained/init.o
 .text.ioport_set_pin_mode
                0x00401d6c      0x11c src/ASF/sam/boards/same70_xplained/init.o
 .text.ioport_set_pin_dir
                0x00401e88       0x88 src/ASF/sam/boards/same70_xplained/init.o
 .text.ioport_set_pin_level
                0x00401f10       0x6c src/ASF/sam/boards/same70_xplained/init.o
 .text.ioport_set_pin_sense_mode
                0x00401f7c       0xd0 src/ASF/sam/boards/same70_xplained/init.o
 .text.tcm_disable
                0x0040204c       0x44 src/ASF/sam/boards/same70_xplained/init.o
 .text.board_init
                0x00402090      0x188 src/ASF/sam/boards/same70_xplained/init.o
                0x00402090                board_init
 .text.pio_pull_up
                0x00402218       0x2c src/ASF/sam/drivers/pio/pio.o
                0x00402218                pio_pull_up
 .text.pio_set  0x00402244       0x1c src/ASF/sam/drivers/pio/pio.o
                0x00402244                pio_set
 .text.pio_set_peripheral
                0x00402260      0x110 src/ASF/sam/drivers/pio/pio.o
                0x00402260                pio_set_peripheral
 .text.pio_set_input
                0x00402370       0x80 src/ASF/sam/drivers/pio/pio.o
                0x00402370                pio_set_input
 .text.pio_set_output
                0x004023f0       0x64 src/ASF/sam/drivers/pio/pio.o
                0x004023f0                pio_set_output
 .text.pio_configure
                0x00402454       0xcc src/ASF/sam/drivers/pio/pio.o
                0x00402454                pio_configure
 .text.pio_configure_interrupt
                0x00402520       0x6c src/ASF/sam/drivers/pio/pio.o
                0x00402520                pio_configure_interrupt
 .text.pio_enable_interrupt
                0x0040258c       0x1c src/ASF/sam/drivers/pio/pio.o
                0x0040258c                pio_enable_interrupt
 .text.pio_disable_interrupt
                0x004025a8       0x1c src/ASF/sam/drivers/pio/pio.o
                0x004025a8                pio_disable_interrupt
 .text.pio_get_interrupt_status
                0x004025c4       0x18 src/ASF/sam/drivers/pio/pio.o
                0x004025c4                pio_get_interrupt_status
 .text.pio_get_interrupt_mask
                0x004025dc       0x18 src/ASF/sam/drivers/pio/pio.o
                0x004025dc                pio_get_interrupt_mask
 .text.pio_set_pin_high
                0x004025f4       0x30 src/ASF/sam/drivers/pio/pio.o
                0x004025f4                pio_set_pin_high
 .text.pio_set_pin_low
                0x00402624       0x30 src/ASF/sam/drivers/pio/pio.o
                0x00402624                pio_set_pin_low
 .text.pio_configure_pin
                0x00402654      0x1b0 src/ASF/sam/drivers/pio/pio.o
                0x00402654                pio_configure_pin
 .text.pio_get_pin_group
                0x00402804       0x28 src/ASF/sam/drivers/pio/pio.o
                0x00402804                pio_get_pin_group
 .text.pio_handler_process
                0x0040282c       0xb4 src/ASF/sam/drivers/pio/pio_handler.o
                0x0040282c                pio_handler_process
 .text.pio_handler_set
                0x004028e0       0xa0 src/ASF/sam/drivers/pio/pio_handler.o
                0x004028e0                pio_handler_set
 .text.PIOA_Handler
                0x00402980       0x18 src/ASF/sam/drivers/pio/pio_handler.o
                0x00402980                PIOA_Handler
 .text.PIOB_Handler
                0x00402998       0x18 src/ASF/sam/drivers/pio/pio_handler.o
                0x00402998                PIOB_Handler
 .text.PIOC_Handler
                0x004029b0       0x18 src/ASF/sam/drivers/pio/pio_handler.o
                0x004029b0                PIOC_Handler
 .text.PIOD_Handler
                0x004029c8       0x18 src/ASF/sam/drivers/pio/pio_handler.o
                0x004029c8                PIOD_Handler
 .text.PIOE_Handler
                0x004029e0       0x18 src/ASF/sam/drivers/pio/pio_handler.o
                0x004029e0                PIOE_Handler
 .text.pmc_mck_set_division
                0x004029f8       0x7c src/ASF/sam/drivers/pmc/pmc.o
                0x004029f8                pmc_mck_set_division
 .text.pmc_switch_mck_to_pllack
                0x00402a74       0x84 src/ASF/sam/drivers/pmc/pmc.o
                0x00402a74                pmc_switch_mck_to_pllack
 .text.pmc_switch_sclk_to_32kxtal
                0x00402af8       0x38 src/ASF/sam/drivers/pmc/pmc.o
                0x00402af8                pmc_switch_sclk_to_32kxtal
 .text.pmc_osc_is_ready_32kxtal
                0x00402b30       0x34 src/ASF/sam/drivers/pmc/pmc.o
                0x00402b30                pmc_osc_is_ready_32kxtal
 .text.pmc_switch_mainck_to_fastrc
                0x00402b64       0x70 src/ASF/sam/drivers/pmc/pmc.o
                0x00402b64                pmc_switch_mainck_to_fastrc
 .text.pmc_switch_mainck_to_xtal
                0x00402bd4       0x78 src/ASF/sam/drivers/pmc/pmc.o
                0x00402bd4                pmc_switch_mainck_to_xtal
 .text.pmc_osc_is_ready_mainck
                0x00402c4c       0x1c src/ASF/sam/drivers/pmc/pmc.o
                0x00402c4c                pmc_osc_is_ready_mainck
 .text.pmc_disable_pllack
                0x00402c68       0x1c src/ASF/sam/drivers/pmc/pmc.o
                0x00402c68                pmc_disable_pllack
 .text.pmc_is_locked_pllack
                0x00402c84       0x1c src/ASF/sam/drivers/pmc/pmc.o
                0x00402c84                pmc_is_locked_pllack
 .text.pmc_is_locked_upll
                0x00402ca0       0x1c src/ASF/sam/drivers/pmc/pmc.o
                0x00402ca0                pmc_is_locked_upll
 .text.pmc_enable_periph_clk
                0x00402cbc       0x3c src/ASF/sam/drivers/pmc/pmc.o
                0x00402cbc                pmc_enable_periph_clk
 .text.cpu_irq_save
                0x00402cf8       0x38 src/ASF/sam/utils/cmsis/same70/source/templates/gcc/startup_same70.o
 .text.cpu_irq_is_enabled_flags
                0x00402d30       0x20 src/ASF/sam/utils/cmsis/same70/source/templates/gcc/startup_same70.o
 .text.cpu_irq_restore
                0x00402d50       0x30 src/ASF/sam/utils/cmsis/same70/source/templates/gcc/startup_same70.o
 .text.Reset_Handler
                0x00402d80       0xb0 src/ASF/sam/utils/cmsis/same70/source/templates/gcc/startup_same70.o
                0x00402d80                Reset_Handler
 .text.Dummy_Handler
                0x00402e30        0x6 src/ASF/sam/utils/cmsis/same70/source/templates/gcc/startup_same70.o
                0x00402e30                DACC_Handler
                0x00402e30                DebugMon_Handler
                0x00402e30                UART3_Handler
                0x00402e30                UART2_Handler
                0x00402e30                TRNG_Handler
                0x00402e30                HardFault_Handler
                0x00402e30                TC2_Handler
                0x00402e30                SysTick_Handler
                0x00402e30                AFEC1_Handler
                0x00402e30                PendSV_Handler
                0x00402e30                NMI_Handler
                0x00402e30                TC7_Handler
                0x00402e30                QSPI_Handler
                0x00402e30                ISI_Handler
                0x00402e30                MCAN0_INT0_Handler
                0x00402e30                TC9_Handler
                0x00402e30                RSWDT_Handler
                0x00402e30                USART0_Handler
                0x00402e30                RTT_Handler
                0x00402e30                USBHS_Handler
                0x00402e30                IXC_Handler
                0x00402e30                CCF_Handler
                0x00402e30                UsageFault_Handler
                0x00402e30                TC6_Handler
                0x00402e30                WDT_Handler
                0x00402e30                MCAN1_INT1_Handler
                0x00402e30                TC4_Handler
                0x00402e30                TC1_Handler
                0x00402e30                HSMCI_Handler
                0x00402e30                UART1_Handler
                0x00402e30                TC3_Handler
                0x00402e30                Dummy_Handler
                0x00402e30                TWIHS1_Handler
                0x00402e30                XDMAC_Handler
                0x00402e30                UART4_Handler
                0x00402e30                PWM1_Handler
                0x00402e30                USART1_Handler
                0x00402e30                PWM0_Handler
                0x00402e30                AFEC0_Handler
                0x00402e30                CCW_Handler
                0x00402e30                TC11_Handler
                0x00402e30                SSC_Handler
                0x00402e30                ACC_Handler
                0x00402e30                PMC_Handler
                0x00402e30                GMAC_Handler
                0x00402e30                MCAN0_INT1_Handler
                0x00402e30                GMAC_Q5_Handler
                0x00402e30                MemManage_Handler
                0x00402e30                SUPC_Handler
                0x00402e30                SVC_Handler
                0x00402e30                TC8_Handler
                0x00402e30                MCAN1_INT0_Handler
                0x00402e30                EFC_Handler
                0x00402e30                GMAC_Q1_Handler
                0x00402e30                USART2_Handler
                0x00402e30                SDRAMC_Handler
                0x00402e30                GMAC_Q2_Handler
                0x00402e30                SPI1_Handler
                0x00402e30                TC10_Handler
                0x00402e30                GMAC_Q3_Handler
                0x00402e30                TWIHS2_Handler
                0x00402e30                I2SC0_Handler
                0x00402e30                UART0_Handler
                0x00402e30                I2SC1_Handler
                0x00402e30                GMAC_Q4_Handler
                0x00402e30                FPU_Handler
                0x00402e30                BusFault_Handler
                0x00402e30                RSTC_Handler
                0x00402e30                TC0_Handler
                0x00402e30                TC5_Handler
                0x00402e30                AES_Handler
                0x00402e30                ICM_Handler
                0x00402e30                TWIHS0_Handler
                0x00402e30                SPI0_Handler
 *fill*         0x00402e36        0x2 
 .text.SystemCoreClockUpdate
                0x00402e38      0x168 src/ASF/sam/utils/cmsis/same70/source/templates/system_same70.o
                0x00402e38                SystemCoreClockUpdate
 .text.system_init_flash
                0x00402fa0       0xb0 src/ASF/sam/utils/cmsis/same70/source/templates/system_same70.o
                0x00402fa0                system_init_flash
 .text._sbrk    0x00403050       0x58 src/ASF/sam/utils/syscalls/gcc/syscalls.o
                0x00403050                _sbrk
 .text          0x004030a8      0x370 c:/program files (x86)/atmel/studio/7.0/toolchain/arm/arm-gnu-toolchain/bin/../lib/gcc/arm-none-eabi/6.3.1/thumb/v7e-m\libgcc.a(_arm_addsubdf3.o)
                0x004030a8                __aeabi_drsub
                0x004030b0                __aeabi_dsub
                0x004030b0                __subdf3
                0x004030b4                __aeabi_dadd
                0x004030b4                __adddf3
                0x0040332c                __floatunsidf
                0x0040332c                __aeabi_ui2d
                0x0040334c                __floatsidf
                0x0040334c                __aeabi_i2d
                0x00403370                __aeabi_f2d
                0x00403370                __extendsfdf2
                0x004033ac                __floatundidf
                0x004033ac                __aeabi_ul2d
                0x004033bc                __floatdidf
                0x004033bc                __aeabi_l2d
 .text          0x00403418      0x424 c:/program files (x86)/atmel/studio/7.0/toolchain/arm/arm-gnu-toolchain/bin/../lib/gcc/arm-none-eabi/6.3.1/thumb/v7e-m\libgcc.a(_arm_muldivdf3.o)
                0x00403418                __aeabi_dmul
                0x00403418                __muldf3
                0x0040366c                __divdf3
                0x0040366c                __aeabi_ddiv
 .text          0x0040383c       0x50 c:/program files (x86)/atmel/studio/7.0/toolchain/arm/arm-gnu-toolchain/bin/../lib/gcc/arm-none-eabi/6.3.1/thumb/v7e-m\libgcc.a(_arm_fixdfsi.o)
                0x0040383c                __aeabi_d2iz
                0x0040383c                __fixdfsi
 .text.__libc_init_array
                0x0040388c       0x50 c:/program files (x86)/atmel/studio/7.0/toolchain/arm/arm-gnu-toolchain/bin/../lib/gcc/arm-none-eabi/6.3.1/../../../../arm-none-eabi/lib/thumb/v7e-m\libc.a(lib_a-init.o)
                0x0040388c                __libc_init_array
 .text.memset   0x004038dc       0x9c c:/program files (x86)/atmel/studio/7.0/toolchain/arm/arm-gnu-toolchain/bin/../lib/gcc/arm-none-eabi/6.3.1/../../../../arm-none-eabi/lib/thumb/v7e-m\libc.a(lib_a-memset.o)
                0x004038dc                memset
 .text.sprintf  0x00403978       0x4c c:/program files (x86)/atmel/studio/7.0/toolchain/arm/arm-gnu-toolchain/bin/../lib/gcc/arm-none-eabi/6.3.1/../../../../arm-none-eabi/lib/thumb/v7e-m\libc.a(lib_a-sprintf.o)
                0x00403978                sprintf
 .text._svfprintf_r
                0x004039c4     0x145c c:/program files (x86)/atmel/studio/7.0/toolchain/arm/arm-gnu-toolchain/bin/../lib/gcc/arm-none-eabi/6.3.1/../../../../arm-none-eabi/lib/thumb/v7e-m\libc.a(lib_a-svfprintf.o)
                0x004039c4                _svfprintf_r
 .text.startup.register_fini
                0x00404e20       0x14 c:/program files (x86)/atmel/studio/7.0/toolchain/arm/arm-gnu-toolchain/bin/../lib/gcc/arm-none-eabi/6.3.1/../../../../arm-none-eabi/lib/thumb/v7e-m\libc.a(lib_a-__call_atexit.o)
 .text.atexit   0x00404e34        0xc c:/program files (x86)/atmel/studio/7.0/toolchain/arm/arm-gnu-toolchain/bin/../lib/gcc/arm-none-eabi/6.3.1/../../../../arm-none-eabi/lib/thumb/v7e-m\libc.a(lib_a-atexit.o)
                0x00404e34                atexit
 .text.quorem   0x00404e40      0x128 c:/program files (x86)/atmel/studio/7.0/toolchain/arm/arm-gnu-toolchain/bin/../lib/gcc/arm-none-eabi/6.3.1/../../../../arm-none-eabi/lib/thumb/v7e-m\libc.a(lib_a-dtoa.o)
 .text._dtoa_r  0x00404f68      0xe54 c:/program files (x86)/atmel/studio/7.0/toolchain/arm/arm-gnu-toolchain/bin/../lib/gcc/arm-none-eabi/6.3.1/../../../../arm-none-eabi/lib/thumb/v7e-m\libc.a(lib_a-dtoa.o)
                0x00404f68                _dtoa_r
 .text.__libc_fini_array
                0x00405dbc       0x34 c:/program files (x86)/atmel/studio/7.0/toolchain/arm/arm-gnu-toolchain/bin/../lib/gcc/arm-none-eabi/6.3.1/../../../../arm-none-eabi/lib/thumb/v7e-m\libc.a(lib_a-fini.o)
                0x00405dbc                __libc_fini_array
 .text._localeconv_r
                0x00405df0       0x1c c:/program files (x86)/atmel/studio/7.0/toolchain/arm/arm-gnu-toolchain/bin/../lib/gcc/arm-none-eabi/6.3.1/../../../../arm-none-eabi/lib/thumb/v7e-m\libc.a(lib_a-localeconv.o)
                0x00405df0                _localeconv_r
 .text.__retarget_lock_acquire_recursive
                0x00405e0c        0x4 c:/program files (x86)/atmel/studio/7.0/toolchain/arm/arm-gnu-toolchain/bin/../lib/gcc/arm-none-eabi/6.3.1/../../../../arm-none-eabi/lib/thumb/v7e-m\libc.a(lib_a-lock.o)
                0x00405e0c                __retarget_lock_acquire_recursive
 .text.__retarget_lock_release_recursive
                0x00405e10        0x4 c:/program files (x86)/atmel/studio/7.0/toolchain/arm/arm-gnu-toolchain/bin/../lib/gcc/arm-none-eabi/6.3.1/../../../../arm-none-eabi/lib/thumb/v7e-m\libc.a(lib_a-lock.o)
                0x00405e10                __retarget_lock_release_recursive
 .text._malloc_r
                0x00405e14      0x560 c:/program files (x86)/atmel/studio/7.0/toolchain/arm/arm-gnu-toolchain/bin/../lib/gcc/arm-none-eabi/6.3.1/../../../../arm-none-eabi/lib/thumb/v7e-m\libc.a(lib_a-mallocr.o)
                0x00405e14                _malloc_r
 *fill*         0x00406374        0xc 
 .text          0x00406380       0xa0 c:/program files (x86)/atmel/studio/7.0/toolchain/arm/arm-gnu-toolchain/bin/../lib/gcc/arm-none-eabi/6.3.1/../../../../arm-none-eabi/lib/thumb/v7e-m\libc.a(lib_a-memchr.o)
                0x00406380                memchr
 .text          0x00406420      0x134 c:/program files (x86)/atmel/studio/7.0/toolchain/arm/arm-gnu-toolchain/bin/../lib/gcc/arm-none-eabi/6.3.1/../../../../arm-none-eabi/lib/thumb/v7e-m\libc.a(lib_a-memcpy.o)
                0x00406420                memcpy
 .text.__malloc_lock
                0x00406554        0xc c:/program files (x86)/atmel/studio/7.0/toolchain/arm/arm-gnu-toolchain/bin/../lib/gcc/arm-none-eabi/6.3.1/../../../../arm-none-eabi/lib/thumb/v7e-m\libc.a(lib_a-mlock.o)
                0x00406554                __malloc_lock
 .text.__malloc_unlock
                0x00406560        0xc c:/program files (x86)/atmel/studio/7.0/toolchain/arm/arm-gnu-toolchain/bin/../lib/gcc/arm-none-eabi/6.3.1/../../../../arm-none-eabi/lib/thumb/v7e-m\libc.a(lib_a-mlock.o)
                0x00406560                __malloc_unlock
 .text._Balloc  0x0040656c       0x4c c:/program files (x86)/atmel/studio/7.0/toolchain/arm/arm-gnu-toolchain/bin/../lib/gcc/arm-none-eabi/6.3.1/../../../../arm-none-eabi/lib/thumb/v7e-m\libc.a(lib_a-mprec.o)
                0x0040656c                _Balloc
 .text._Bfree   0x004065b8       0x14 c:/program files (x86)/atmel/studio/7.0/toolchain/arm/arm-gnu-toolchain/bin/../lib/gcc/arm-none-eabi/6.3.1/../../../../arm-none-eabi/lib/thumb/v7e-m\libc.a(lib_a-mprec.o)
                0x004065b8                _Bfree
 .text.__multadd
                0x004065cc       0x80 c:/program files (x86)/atmel/studio/7.0/toolchain/arm/arm-gnu-toolchain/bin/../lib/gcc/arm-none-eabi/6.3.1/../../../../arm-none-eabi/lib/thumb/v7e-m\libc.a(lib_a-mprec.o)
                0x004065cc                __multadd
 .text.__hi0bits
                0x0040664c       0x40 c:/program files (x86)/atmel/studio/7.0/toolchain/arm/arm-gnu-toolchain/bin/../lib/gcc/arm-none-eabi/6.3.1/../../../../arm-none-eabi/lib/thumb/v7e-m\libc.a(lib_a-mprec.o)
                0x0040664c                __hi0bits
 .text.__lo0bits
                0x0040668c       0x60 c:/program files (x86)/atmel/studio/7.0/toolchain/arm/arm-gnu-toolchain/bin/../lib/gcc/arm-none-eabi/6.3.1/../../../../arm-none-eabi/lib/thumb/v7e-m\libc.a(lib_a-mprec.o)
                0x0040668c                __lo0bits
 .text.__i2b    0x004066ec       0x14 c:/program files (x86)/atmel/studio/7.0/toolchain/arm/arm-gnu-toolchain/bin/../lib/gcc/arm-none-eabi/6.3.1/../../../../arm-none-eabi/lib/thumb/v7e-m\libc.a(lib_a-mprec.o)
                0x004066ec                __i2b
 .text.__multiply
                0x00406700      0x124 c:/program files (x86)/atmel/studio/7.0/toolchain/arm/arm-gnu-toolchain/bin/../lib/gcc/arm-none-eabi/6.3.1/../../../../arm-none-eabi/lib/thumb/v7e-m\libc.a(lib_a-mprec.o)
                0x00406700                __multiply
 .text.__pow5mult
                0x00406824       0xa0 c:/program files (x86)/atmel/studio/7.0/toolchain/arm/arm-gnu-toolchain/bin/../lib/gcc/arm-none-eabi/6.3.1/../../../../arm-none-eabi/lib/thumb/v7e-m\libc.a(lib_a-mprec.o)
                0x00406824                __pow5mult
 .text.__lshift
                0x004068c4       0xa4 c:/program files (x86)/atmel/studio/7.0/toolchain/arm/arm-gnu-toolchain/bin/../lib/gcc/arm-none-eabi/6.3.1/../../../../arm-none-eabi/lib/thumb/v7e-m\libc.a(lib_a-mprec.o)
                0x004068c4                __lshift
 .text.__mcmp   0x00406968       0x38 c:/program files (x86)/atmel/studio/7.0/toolchain/arm/arm-gnu-toolchain/bin/../lib/gcc/arm-none-eabi/6.3.1/../../../../arm-none-eabi/lib/thumb/v7e-m\libc.a(lib_a-mprec.o)
                0x00406968                __mcmp
 .text.__mdiff  0x004069a0      0x108 c:/program files (x86)/atmel/studio/7.0/toolchain/arm/arm-gnu-toolchain/bin/../lib/gcc/arm-none-eabi/6.3.1/../../../../arm-none-eabi/lib/thumb/v7e-m\libc.a(lib_a-mprec.o)
                0x004069a0                __mdiff
 .text.__d2b    0x00406aa8       0xb8 c:/program files (x86)/atmel/studio/7.0/toolchain/arm/arm-gnu-toolchain/bin/../lib/gcc/arm-none-eabi/6.3.1/../../../../arm-none-eabi/lib/thumb/v7e-m\libc.a(lib_a-mprec.o)
                0x00406aa8                __d2b
 .text._sbrk_r  0x00406b60       0x24 c:/program files (x86)/atmel/studio/7.0/toolchain/arm/arm-gnu-toolchain/bin/../lib/gcc/arm-none-eabi/6.3.1/../../../../arm-none-eabi/lib/thumb/v7e-m\libc.a(lib_a-sbrkr.o)
                0x00406b60                _sbrk_r
 *fill*         0x00406b84       0x3c 
 .text          0x00406bc0       0xdc c:/program files (x86)/atmel/studio/7.0/toolchain/arm/arm-gnu-toolchain/bin/../lib/gcc/arm-none-eabi/6.3.1/../../../../arm-none-eabi/lib/thumb/v7e-m\libc.a(lib_a-strlen.o)
                0x00406bc0                strlen
 .text.__ssprint_r
                0x00406c9c       0xfc c:/program files (x86)/atmel/studio/7.0/toolchain/arm/arm-gnu-toolchain/bin/../lib/gcc/arm-none-eabi/6.3.1/../../../../arm-none-eabi/lib/thumb/v7e-m\libc.a(lib_a-svfiprintf.o)
                0x00406c9c                __ssprint_r
 .text.__register_exitproc
                0x00406d98       0xc4 c:/program files (x86)/atmel/studio/7.0/toolchain/arm/arm-gnu-toolchain/bin/../lib/gcc/arm-none-eabi/6.3.1/../../../../arm-none-eabi/lib/thumb/v7e-m\libc.a(lib_a-__atexit.o)
                0x00406d98                __register_exitproc
 .text._calloc_r
                0x00406e5c       0x60 c:/program files (x86)/atmel/studio/7.0/toolchain/arm/arm-gnu-toolchain/bin/../lib/gcc/arm-none-eabi/6.3.1/../../../../arm-none-eabi/lib/thumb/v7e-m\libc.a(lib_a-callocr.o)
                0x00406e5c                _calloc_r
 .text._malloc_trim_r
                0x00406ebc       0xa0 c:/program files (x86)/atmel/studio/7.0/toolchain/arm/arm-gnu-toolchain/bin/../lib/gcc/arm-none-eabi/6.3.1/../../../../arm-none-eabi/lib/thumb/v7e-m\libc.a(lib_a-freer.o)
                0x00406ebc                _malloc_trim_r
 .text._free_r  0x00406f5c      0x1cc c:/program files (x86)/atmel/studio/7.0/toolchain/arm/arm-gnu-toolchain/bin/../lib/gcc/arm-none-eabi/6.3.1/../../../../arm-none-eabi/lib/thumb/v7e-m\libc.a(lib_a-freer.o)
                0x00406f5c                _free_r
 .text.__ascii_mbtowc
                0x00407128       0x2c c:/program files (x86)/atmel/studio/7.0/toolchain/arm/arm-gnu-toolchain/bin/../lib/gcc/arm-none-eabi/6.3.1/../../../../arm-none-eabi/lib/thumb/v7e-m\libc.a(lib_a-mbtowc_r.o)
                0x00407128                __ascii_mbtowc
 .text.memmove  0x00407154       0xc8 c:/program files (x86)/atmel/studio/7.0/toolchain/arm/arm-gnu-toolchain/bin/../lib/gcc/arm-none-eabi/6.3.1/../../../../arm-none-eabi/lib/thumb/v7e-m\libc.a(lib_a-memmove.o)
                0x00407154                memmove
 .text._realloc_r
                0x0040721c      0x34c c:/program files (x86)/atmel/studio/7.0/toolchain/arm/arm-gnu-toolchain/bin/../lib/gcc/arm-none-eabi/6.3.1/../../../../arm-none-eabi/lib/thumb/v7e-m\libc.a(lib_a-reallocr.o)
                0x0040721c                _realloc_r
 .text.__ascii_wctomb
                0x00407568       0x1c c:/program files (x86)/atmel/studio/7.0/toolchain/arm/arm-gnu-toolchain/bin/../lib/gcc/arm-none-eabi/6.3.1/../../../../arm-none-eabi/lib/thumb/v7e-m\libc.a(lib_a-wctomb_r.o)
                0x00407568                __ascii_wctomb
 .text          0x00407584      0x110 c:/program files (x86)/atmel/studio/7.0/toolchain/arm/arm-gnu-toolchain/bin/../lib/gcc/arm-none-eabi/6.3.1/thumb/v7e-m\libgcc.a(_arm_cmpdf2.o)
                0x00407584                __gtdf2
                0x00407584                __gedf2
                0x0040758c                __ltdf2
                0x0040758c                __ledf2
                0x00407594                __nedf2
                0x00407594                __eqdf2
                0x00407594                __cmpdf2
                0x00407610                __aeabi_cdrcmple
                0x00407620                __aeabi_cdcmpeq
                0x00407620                __aeabi_cdcmple
                0x00407630                __aeabi_dcmpeq
                0x00407644                __aeabi_dcmplt
                0x00407658                __aeabi_dcmple
                0x0040766c                __aeabi_dcmpge
                0x00407680                __aeabi_dcmpgt
 .text          0x00407694       0x2c c:/program files (x86)/atmel/studio/7.0/toolchain/arm/arm-gnu-toolchain/bin/../lib/gcc/arm-none-eabi/6.3.1/thumb/v7e-m\libgcc.a(_arm_unorddf2.o)
                0x00407694                __unorddf2
                0x00407694                __aeabi_dcmpun
 .text          0x004076c0       0x30 c:/program files (x86)/atmel/studio/7.0/toolchain/arm/arm-gnu-toolchain/bin/../lib/gcc/arm-none-eabi/6.3.1/thumb/v7e-m\libgcc.a(_aeabi_uldivmod.o)
                0x004076c0                __aeabi_uldivmod
 .text          0x004076f0      0x2dc c:/program files (x86)/atmel/studio/7.0/toolchain/arm/arm-gnu-toolchain/bin/../lib/gcc/arm-none-eabi/6.3.1/thumb/v7e-m\libgcc.a(_udivmoddi4.o)
                0x004076f0                __udivmoddi4
 .text          0x004079cc        0x4 c:/program files (x86)/atmel/studio/7.0/toolchain/arm/arm-gnu-toolchain/bin/../lib/gcc/arm-none-eabi/6.3.1/thumb/v7e-m\libgcc.a(_dvmd_tls.o)
                0x004079cc                __aeabi_idiv0
                0x004079cc                __aeabi_ldiv0
 *(.glue_7t)
 .glue_7t       0x004079d0        0x0 linker stubs
 *(.glue_7)
 .glue_7        0x004079d0        0x0 linker stubs
 *(.rodata .rodata* .gnu.linkonce.r.*)
 .rodata.image_data_calibri_36_0x20
                0x004079d0      0x378 src/main.o
 .rodata.calibri_36_0x20
                0x00407d48       0x10 src/main.o
 .rodata.image_data_calibri_36_0x21
                0x00407d58      0x534 src/main.o
 .rodata.calibri_36_0x21
                0x0040828c       0x10 src/main.o
 .rodata.image_data_calibri_36_0x22
                0x0040829c      0x612 src/main.o
 *fill*         0x004088ae        0x2 
 .rodata.calibri_36_0x22
                0x004088b0       0x10 src/main.o
 .rodata.image_data_calibri_36_0x23
                0x004088c0      0x7ce src/main.o
 *fill*         0x0040908e        0x2 
 .rodata.calibri_36_0x23
                0x00409090       0x10 src/main.o
 .rodata.image_data_calibri_36_0x24
                0x004090a0      0x7ce src/main.o
 *fill*         0x0040986e        0x2 
 .rodata.calibri_36_0x24
                0x00409870       0x10 src/main.o
 .rodata.image_data_calibri_36_0x25
                0x00409880      0xb46 src/main.o
 *fill*         0x0040a3c6        0x2 
 .rodata.calibri_36_0x25
                0x0040a3c8       0x10 src/main.o
 .rodata.image_data_calibri_36_0x26
                0x0040a3d8      0xad7 src/main.o
 *fill*         0x0040aeaf        0x1 
 .rodata.calibri_36_0x26
                0x0040aeb0       0x10 src/main.o
 .rodata.image_data_calibri_36_0x27
                0x0040aec0      0x378 src/main.o
 .rodata.calibri_36_0x27
                0x0040b238       0x10 src/main.o
 .rodata.image_data_calibri_36_0x28
                0x0040b248      0x4c5 src/main.o
 *fill*         0x0040b70d        0x3 
 .rodata.calibri_36_0x28
                0x0040b710       0x10 src/main.o
 .rodata.image_data_calibri_36_0x29
                0x0040b720      0x4c5 src/main.o
 *fill*         0x0040bbe5        0x3 
 .rodata.calibri_36_0x29
                0x0040bbe8       0x10 src/main.o
 .rodata.image_data_calibri_36_0x2a
                0x0040bbf8      0x7ce src/main.o
 *fill*         0x0040c3c6        0x2 
 .rodata.calibri_36_0x2a
                0x0040c3c8       0x10 src/main.o
 .rodata.image_data_calibri_36_0x2b
                0x0040c3d8      0x7ce src/main.o
 *fill*         0x0040cba6        0x2 
 .rodata.calibri_36_0x2b
                0x0040cba8       0x10 src/main.o
 .rodata.image_data_calibri_36_0x2c
                0x0040cbb8      0x3e7 src/main.o
 *fill*         0x0040cf9f        0x1 
 .rodata.calibri_36_0x2c
                0x0040cfa0       0x10 src/main.o
 .rodata.image_data_calibri_36_0x2d
                0x0040cfb0      0x4c5 src/main.o
 *fill*         0x0040d475        0x3 
 .rodata.calibri_36_0x2d
                0x0040d478       0x10 src/main.o
 .rodata.image_data_calibri_36_0x2e
                0x0040d488      0x3e7 src/main.o
 *fill*         0x0040d86f        0x1 
 .rodata.calibri_36_0x2e
                0x0040d870       0x10 src/main.o
 .rodata.image_data_calibri_36_0x2f
                0x0040d880      0x612 src/main.o
 *fill*         0x0040de92        0x2 
 .rodata.calibri_36_0x2f
                0x0040de94       0x10 src/main.o
 .rodata.image_data_calibri_36_0x30
                0x0040dea4      0x7ce src/main.o
 *fill*         0x0040e672        0x2 
 .rodata.calibri_36_0x30
                0x0040e674       0x10 src/main.o
 .rodata.image_data_calibri_36_0x31
                0x0040e684      0x7ce src/main.o
 *fill*         0x0040ee52        0x2 
 .rodata.calibri_36_0x31
                0x0040ee54       0x10 src/main.o
 .rodata.image_data_calibri_36_0x32
                0x0040ee64      0x7ce src/main.o
 *fill*         0x0040f632        0x2 
 .rodata.calibri_36_0x32
                0x0040f634       0x10 src/main.o
 .rodata.image_data_calibri_36_0x33
                0x0040f644      0x7ce src/main.o
 *fill*         0x0040fe12        0x2 
 .rodata.calibri_36_0x33
                0x0040fe14       0x10 src/main.o
 .rodata.image_data_calibri_36_0x34
                0x0040fe24      0x7ce src/main.o
 *fill*         0x004105f2        0x2 
 .rodata.calibri_36_0x34
                0x004105f4       0x10 src/main.o
 .rodata.image_data_calibri_36_0x35
                0x00410604      0x7ce src/main.o
 *fill*         0x00410dd2        0x2 
 .rodata.calibri_36_0x35
                0x00410dd4       0x10 src/main.o
 .rodata.image_data_calibri_36_0x36
                0x00410de4      0x7ce src/main.o
 *fill*         0x004115b2        0x2 
 .rodata.calibri_36_0x36
                0x004115b4       0x10 src/main.o
 .rodata.image_data_calibri_36_0x37
                0x004115c4      0x7ce src/main.o
 *fill*         0x00411d92        0x2 
 .rodata.calibri_36_0x37
                0x00411d94       0x10 src/main.o
 .rodata.image_data_calibri_36_0x38
                0x00411da4      0x7ce src/main.o
 *fill*         0x00412572        0x2 
 .rodata.calibri_36_0x38
                0x00412574       0x10 src/main.o
 .rodata.image_data_calibri_36_0x39
                0x00412584      0x7ce src/main.o
 *fill*         0x00412d52        0x2 
 .rodata.calibri_36_0x39
                0x00412d54       0x10 src/main.o
 .rodata.image_data_calibri_36_0x3a
                0x00412d64      0x456 src/main.o
 *fill*         0x004131ba        0x2 
 .rodata.calibri_36_0x3a
                0x004131bc       0x10 src/main.o
 .rodata.image_data_calibri_36_0x3b
                0x004131cc      0x456 src/main.o
 *fill*         0x00413622        0x2 
 .rodata.calibri_36_0x3b
                0x00413624       0x10 src/main.o
 .rodata.image_data_calibri_36_0x3c
                0x00413634      0x7ce src/main.o
 *fill*         0x00413e02        0x2 
 .rodata.calibri_36_0x3c
                0x00413e04       0x10 src/main.o
 .rodata.image_data_calibri_36_0x3d
                0x00413e14      0x7ce src/main.o
 *fill*         0x004145e2        0x2 
 .rodata.calibri_36_0x3d
                0x004145e4       0x10 src/main.o
 .rodata.image_data_calibri_36_0x3e
                0x004145f4      0x7ce src/main.o
 *fill*         0x00414dc2        0x2 
 .rodata.calibri_36_0x3e
                0x00414dc4       0x10 src/main.o
 .rodata.image_data_calibri_36_0x3f
                0x00414dd4      0x75f src/main.o
 *fill*         0x00415533        0x1 
 .rodata.calibri_36_0x3f
                0x00415534       0x10 src/main.o
 .rodata.image_data_calibri_36_0x40
                0x00415544      0xde0 src/main.o
 .rodata.calibri_36_0x40
                0x00416324       0x10 src/main.o
 .rodata.image_data_calibri_36_0x41
                0x00416334      0x91b src/main.o
 *fill*         0x00416c4f        0x1 
 .rodata.calibri_36_0x41
                0x00416c50       0x10 src/main.o
 .rodata.image_data_calibri_36_0x42
                0x00416c60      0x8ac src/main.o
 .rodata.calibri_36_0x42
                0x0041750c       0x10 src/main.o
 .rodata.image_data_calibri_36_0x43
                0x0041751c      0x83d src/main.o
 *fill*         0x00417d59        0x3 
 .rodata.calibri_36_0x43
                0x00417d5c       0x10 src/main.o
 .rodata.image_data_calibri_36_0x44
                0x00417d6c      0x98a src/main.o
 *fill*         0x004186f6        0x2 
 .rodata.calibri_36_0x44
                0x004186f8       0x10 src/main.o
 .rodata.image_data_calibri_36_0x45
                0x00418708      0x7ce src/main.o
 *fill*         0x00418ed6        0x2 
 .rodata.calibri_36_0x45
                0x00418ed8       0x10 src/main.o
 .rodata.image_data_calibri_36_0x46
                0x00418ee8      0x75f src/main.o
 *fill*         0x00419647        0x1 
 .rodata.calibri_36_0x46
                0x00419648       0x10 src/main.o
 .rodata.image_data_calibri_36_0x47
                0x00419658      0x9f9 src/main.o
 *fill*         0x0041a051        0x3 
 .rodata.calibri_36_0x47
                0x0041a054       0x10 src/main.o
 .rodata.image_data_calibri_36_0x48
                0x0041a064      0x98a src/main.o
 *fill*         0x0041a9ee        0x2 
 .rodata.calibri_36_0x48
                0x0041a9f0       0x10 src/main.o
 .rodata.image_data_calibri_36_0x49
                0x0041aa00      0x3e7 src/main.o
 *fill*         0x0041ade7        0x1 
 .rodata.calibri_36_0x49
                0x0041ade8       0x10 src/main.o
 .rodata.image_data_calibri_36_0x4a
                0x0041adf8      0x4c5 src/main.o
 *fill*         0x0041b2bd        0x3 
 .rodata.calibri_36_0x4a
                0x0041b2c0       0x10 src/main.o
 .rodata.image_data_calibri_36_0x4b
                0x0041b2d0      0x83d src/main.o
 *fill*         0x0041bb0d        0x3 
 .rodata.calibri_36_0x4b
                0x0041bb10       0x10 src/main.o
 .rodata.image_data_calibri_36_0x4c
                0x0041bb20      0x681 src/main.o
 *fill*         0x0041c1a1        0x3 
 .rodata.calibri_36_0x4c
                0x0041c1a4       0x10 src/main.o
 .rodata.image_data_calibri_36_0x4d
                0x0041c1b4      0xd71 src/main.o
 *fill*         0x0041cf25        0x3 
 .rodata.calibri_36_0x4d
                0x0041cf28       0x10 src/main.o
 .rodata.image_data_calibri_36_0x4e
                0x0041cf38      0x9f9 src/main.o
 *fill*         0x0041d931        0x3 
 .rodata.calibri_36_0x4e
                0x0041d934       0x10 src/main.o
 .rodata.image_data_calibri_36_0x4f
                0x0041d944      0xa68 src/main.o
 .rodata.calibri_36_0x4f
                0x0041e3ac       0x10 src/main.o
 .rodata.image_data_calibri_36_0x50
                0x0041e3bc      0x83d src/main.o
 *fill*         0x0041ebf9        0x3 
 .rodata.calibri_36_0x50
                0x0041ebfc       0x10 src/main.o
 .rodata.image_data_calibri_36_0x51
                0x0041ec0c      0xad7 src/main.o
 *fill*         0x0041f6e3        0x1 
 .rodata.calibri_36_0x51
                0x0041f6e4       0x10 src/main.o
 .rodata.image_data_calibri_36_0x52
                0x0041f6f4      0x8ac src/main.o
 .rodata.calibri_36_0x52
                0x0041ffa0       0x10 src/main.o
 .rodata.image_data_calibri_36_0x53
                0x0041ffb0      0x75f src/main.o
 *fill*         0x0042070f        0x1 
 .rodata.calibri_36_0x53
                0x00420710       0x10 src/main.o
 .rodata.image_data_calibri_36_0x54
                0x00420720      0x7ce src/main.o
 *fill*         0x00420eee        0x2 
 .rodata.calibri_36_0x54
                0x00420ef0       0x10 src/main.o
 .rodata.image_data_calibri_36_0x55
                0x00420f00      0x9f9 src/main.o
 *fill*         0x004218f9        0x3 
 .rodata.calibri_36_0x55
                0x004218fc       0x10 src/main.o
 .rodata.image_data_calibri_36_0x56
                0x0042190c      0x8ac src/main.o
 .rodata.calibri_36_0x56
                0x004221b8       0x10 src/main.o
 .rodata.image_data_calibri_36_0x57
                0x004221c8      0xde0 src/main.o
 .rodata.calibri_36_0x57
                0x00422fa8       0x10 src/main.o
 .rodata.image_data_calibri_36_0x58
                0x00422fb8      0x83d src/main.o
 *fill*         0x004237f5        0x3 
 .rodata.calibri_36_0x58
                0x004237f8       0x10 src/main.o
 .rodata.image_data_calibri_36_0x59
                0x00423808      0x7ce src/main.o
 *fill*         0x00423fd6        0x2 
 .rodata.calibri_36_0x59
                0x00423fd8       0x10 src/main.o
 .rodata.image_data_calibri_36_0x5a
                0x00423fe8      0x75f src/main.o
 *fill*         0x00424747        0x1 
 .rodata.calibri_36_0x5a
                0x00424748       0x10 src/main.o
 .rodata.image_data_calibri_36_0x5b
                0x00424758      0x4c5 src/main.o
 *fill*         0x00424c1d        0x3 
 .rodata.calibri_36_0x5b
                0x00424c20       0x10 src/main.o
 .rodata.image_data_calibri_36_0x5c
                0x00424c30      0x612 src/main.o
 *fill*         0x00425242        0x2 
 .rodata.calibri_36_0x5c
                0x00425244       0x10 src/main.o
 .rodata.image_data_calibri_36_0x5d
                0x00425254      0x4c5 src/main.o
 *fill*         0x00425719        0x3 
 .rodata.calibri_36_0x5d
                0x0042571c       0x10 src/main.o
 .rodata.image_data_calibri_36_0x5e
                0x0042572c      0x7ce src/main.o
 *fill*         0x00425efa        0x2 
 .rodata.calibri_36_0x5e
                0x00425efc       0x10 src/main.o
 .rodata.image_data_calibri_36_0x5f
                0x00425f0c      0x7ce src/main.o
 *fill*         0x004266da        0x2 
 .rodata.calibri_36_0x5f
                0x004266dc       0x10 src/main.o
 .rodata.image_data_calibri_36_0x60
                0x004266ec      0x456 src/main.o
 *fill*         0x00426b42        0x2 
 .rodata.calibri_36_0x60
                0x00426b44       0x10 src/main.o
 .rodata.image_data_calibri_36_0x61
                0x00426b54      0x75f src/main.o
 *fill*         0x004272b3        0x1 
 .rodata.calibri_36_0x61
                0x004272b4       0x10 src/main.o
 .rodata.image_data_calibri_36_0x62
                0x004272c4      0x83d src/main.o
 *fill*         0x00427b01        0x3 
 .rodata.calibri_36_0x62
                0x00427b04       0x10 src/main.o
 .rodata.image_data_calibri_36_0x63
                0x00427b14      0x681 src/main.o
 *fill*         0x00428195        0x3 
 .rodata.calibri_36_0x63
                0x00428198       0x10 src/main.o
 .rodata.image_data_calibri_36_0x64
                0x004281a8      0x83d src/main.o
 *fill*         0x004289e5        0x3 
 .rodata.calibri_36_0x64
                0x004289e8       0x10 src/main.o
 .rodata.image_data_calibri_36_0x65
                0x004289f8      0x7ce src/main.o
 *fill*         0x004291c6        0x2 
 .rodata.calibri_36_0x65
                0x004291c8       0x10 src/main.o
 .rodata.image_data_calibri_36_0x66
                0x004291d8      0x4c5 src/main.o
 *fill*         0x0042969d        0x3 
 .rodata.calibri_36_0x66
                0x004296a0       0x10 src/main.o
 .rodata.image_data_calibri_36_0x67
                0x004296b0      0x75f src/main.o
 *fill*         0x00429e0f        0x1 
 .rodata.calibri_36_0x67
                0x00429e10       0x10 src/main.o
 .rodata.image_data_calibri_36_0x68
                0x00429e20      0x83d src/main.o
 *fill*         0x0042a65d        0x3 
 .rodata.calibri_36_0x68
                0x0042a660       0x10 src/main.o
 .rodata.image_data_calibri_36_0x69
                0x0042a670      0x378 src/main.o
 .rodata.calibri_36_0x69
                0x0042a9e8       0x10 src/main.o
 .rodata.image_data_calibri_36_0x6a
                0x0042a9f8      0x3e7 src/main.o
 *fill*         0x0042addf        0x1 
 .rodata.calibri_36_0x6a
                0x0042ade0       0x10 src/main.o
 .rodata.image_data_calibri_36_0x6b
                0x0042adf0      0x6f0 src/main.o
 .rodata.calibri_36_0x6b
                0x0042b4e0       0x10 src/main.o
 .rodata.image_data_calibri_36_0x6c
                0x0042b4f0      0x378 src/main.o
 .rodata.calibri_36_0x6c
                0x0042b868       0x10 src/main.o
 .rodata.image_data_calibri_36_0x6d
                0x0042b878      0xc93 src/main.o
 *fill*         0x0042c50b        0x1 
 .rodata.calibri_36_0x6d
                0x0042c50c       0x10 src/main.o
 .rodata.image_data_calibri_36_0x6e
                0x0042c51c      0x83d src/main.o
 *fill*         0x0042cd59        0x3 
 .rodata.calibri_36_0x6e
                0x0042cd5c       0x10 src/main.o
 .rodata.image_data_calibri_36_0x6f
                0x0042cd6c      0x83d src/main.o
 *fill*         0x0042d5a9        0x3 
 .rodata.calibri_36_0x6f
                0x0042d5ac       0x10 src/main.o
 .rodata.image_data_calibri_36_0x70
                0x0042d5bc      0x83d src/main.o
 *fill*         0x0042ddf9        0x3 
 .rodata.calibri_36_0x70
                0x0042ddfc       0x10 src/main.o
 .rodata.image_data_calibri_36_0x71
                0x0042de0c      0x83d src/main.o
 *fill*         0x0042e649        0x3 
 .rodata.calibri_36_0x71
                0x0042e64c       0x10 src/main.o
 .rodata.image_data_calibri_36_0x72
                0x0042e65c      0x5a3 src/main.o
 *fill*         0x0042ebff        0x1 
 .rodata.calibri_36_0x72
                0x0042ec00       0x10 src/main.o
 .rodata.image_data_calibri_36_0x73
                0x0042ec10      0x612 src/main.o
 *fill*         0x0042f222        0x2 
 .rodata.calibri_36_0x73
                0x0042f224       0x10 src/main.o
 .rodata.image_data_calibri_36_0x74
                0x0042f234      0x534 src/main.o
 .rodata.calibri_36_0x74
                0x0042f768       0x10 src/main.o
 .rodata.image_data_calibri_36_0x75
                0x0042f778      0x83d src/main.o
 *fill*         0x0042ffb5        0x3 
 .rodata.calibri_36_0x75
                0x0042ffb8       0x10 src/main.o
 .rodata.image_data_calibri_36_0x76
                0x0042ffc8      0x6f0 src/main.o
 .rodata.calibri_36_0x76
                0x004306b8       0x10 src/main.o
 .rodata.image_data_calibri_36_0x77
                0x004306c8      0xb46 src/main.o
 *fill*         0x0043120e        0x2 
 .rodata.calibri_36_0x77
                0x00431210       0x10 src/main.o
 .rodata.image_data_calibri_36_0x78
                0x00431220      0x6f0 src/main.o
 .rodata.calibri_36_0x78
                0x00431910       0x10 src/main.o
 .rodata.image_data_calibri_36_0x79
                0x00431920      0x6f0 src/main.o
 .rodata.calibri_36_0x79
                0x00432010       0x10 src/main.o
 .rodata.image_data_calibri_36_0x7a
                0x00432020      0x612 src/main.o
 *fill*         0x00432632        0x2 
 .rodata.calibri_36_0x7a
                0x00432634       0x10 src/main.o
 .rodata.image_data_calibri_36_0x7b
                0x00432644      0x4c5 src/main.o
 *fill*         0x00432b09        0x3 
 .rodata.calibri_36_0x7b
                0x00432b0c       0x10 src/main.o
 .rodata.image_data_calibri_36_0x7c
                0x00432b1c      0x75f src/main.o
 *fill*         0x0043327b        0x1 
 .rodata.calibri_36_0x7c
                0x0043327c       0x10 src/main.o
 .rodata.image_data_calibri_36_0x7d
                0x0043328c      0x4c5 src/main.o
 *fill*         0x00433751        0x3 
 .rodata.calibri_36_0x7d
                0x00433754       0x10 src/main.o
 .rodata.image_data_calibri_36_0x7e
                0x00433764      0x7ce src/main.o
 *fill*         0x00433f32        0x2 
 .rodata.calibri_36_0x7e
                0x00433f34       0x10 src/main.o
 .rodata.calibri_36_array
                0x00433f44      0x2f8 src/main.o
 .rodata.calibri_36
                0x0043423c        0xc src/main.o
                0x0043423c                calibri_36
 .rodata.image_data_arial_72_0x30
                0x00434248     0x2760 src/main.o
 .rodata.arial_72_0x30
                0x004369a8       0x10 src/main.o
 .rodata.image_data_arial_72_0x31
                0x004369b8     0x2760 src/main.o
 .rodata.arial_72_0x31
                0x00439118       0x10 src/main.o
 .rodata.image_data_arial_72_0x32
                0x00439128     0x2760 src/main.o
 .rodata.arial_72_0x32
                0x0043b888       0x10 src/main.o
 .rodata.image_data_arial_72_0x33
                0x0043b898     0x2760 src/main.o
 .rodata.arial_72_0x33
                0x0043dff8       0x10 src/main.o
 .rodata.image_data_arial_72_0x34
                0x0043e008     0x2760 src/main.o
 .rodata.arial_72_0x34
                0x00440768       0x10 src/main.o
 .rodata.image_data_arial_72_0x35
                0x00440778     0x2760 src/main.o
 .rodata.arial_72_0x35
                0x00442ed8       0x10 src/main.o
 .rodata.image_data_arial_72_0x36
                0x00442ee8     0x2760 src/main.o
 .rodata.arial_72_0x36
                0x00445648       0x10 src/main.o
 .rodata.image_data_arial_72_0x37
                0x00445658     0x2760 src/main.o
 .rodata.arial_72_0x37
                0x00447db8       0x10 src/main.o
 .rodata.image_data_arial_72_0x38
                0x00447dc8     0x2760 src/main.o
 .rodata.arial_72_0x38
                0x0044a528       0x10 src/main.o
 .rodata.image_data_arial_72_0x39
                0x0044a538     0x2760 src/main.o
 .rodata.arial_72_0x39
                0x0044cc98       0x10 src/main.o
 .rodata.arial_72_array
                0x0044cca8       0x50 src/main.o
 .rodata.arial_72
                0x0044ccf8        0xc src/main.o
                0x0044ccf8                arial_72
 .rodata        0x0044cd04       0x27 src/main.o
 *fill*         0x0044cd2b        0x1 
 .rodata._global_impure_ptr
                0x0044cd2c        0x4 c:/program files (x86)/atmel/studio/7.0/toolchain/arm/arm-gnu-toolchain/bin/../lib/gcc/arm-none-eabi/6.3.1/../../../../arm-none-eabi/lib/thumb/v7e-m\libc.a(lib_a-impure.o)
                0x0044cd2c                _global_impure_ptr
 .rodata._svfprintf_r.str1.4
                0x0044cd30       0x42 c:/program files (x86)/atmel/studio/7.0/toolchain/arm/arm-gnu-toolchain/bin/../lib/gcc/arm-none-eabi/6.3.1/../../../../arm-none-eabi/lib/thumb/v7e-m\libc.a(lib_a-svfprintf.o)
 *fill*         0x0044cd72        0x2 
 .rodata.blanks.7223
                0x0044cd74       0x10 c:/program files (x86)/atmel/studio/7.0/toolchain/arm/arm-gnu-toolchain/bin/../lib/gcc/arm-none-eabi/6.3.1/../../../../arm-none-eabi/lib/thumb/v7e-m\libc.a(lib_a-svfprintf.o)
 .rodata.zeroes.7224
                0x0044cd84       0x10 c:/program files (x86)/atmel/studio/7.0/toolchain/arm/arm-gnu-toolchain/bin/../lib/gcc/arm-none-eabi/6.3.1/../../../../arm-none-eabi/lib/thumb/v7e-m\libc.a(lib_a-svfprintf.o)
 .rodata._dtoa_r.str1.4
                0x0044cd94       0x10 c:/program files (x86)/atmel/studio/7.0/toolchain/arm/arm-gnu-toolchain/bin/../lib/gcc/arm-none-eabi/6.3.1/../../../../arm-none-eabi/lib/thumb/v7e-m\libc.a(lib_a-dtoa.o)
                                 0x12 (size before relaxing)
 *fill*         0x0044cda4        0x4 
 .rodata.__mprec_bigtens
                0x0044cda8       0x28 c:/program files (x86)/atmel/studio/7.0/toolchain/arm/arm-gnu-toolchain/bin/../lib/gcc/arm-none-eabi/6.3.1/../../../../arm-none-eabi/lib/thumb/v7e-m\libc.a(lib_a-mprec.o)
                0x0044cda8                __mprec_bigtens
 .rodata.__mprec_tens
                0x0044cdd0       0xc8 c:/program files (x86)/atmel/studio/7.0/toolchain/arm/arm-gnu-toolchain/bin/../lib/gcc/arm-none-eabi/6.3.1/../../../../arm-none-eabi/lib/thumb/v7e-m\libc.a(lib_a-mprec.o)
                0x0044cdd0                __mprec_tens
 .rodata.p05.6055
                0x0044ce98        0xc c:/program files (x86)/atmel/studio/7.0/toolchain/arm/arm-gnu-toolchain/bin/../lib/gcc/arm-none-eabi/6.3.1/../../../../arm-none-eabi/lib/thumb/v7e-m\libc.a(lib_a-mprec.o)
 .rodata._setlocale_r.str1.4
                0x0044cea4        0xa c:/program files (x86)/atmel/studio/7.0/toolchain/arm/arm-gnu-toolchain/bin/../lib/gcc/arm-none-eabi/6.3.1/../../../../arm-none-eabi/lib/thumb/v7e-m\libc.a(lib_a-locale.o)
                                  0xd (size before relaxing)
 *fill*         0x0044ceae        0x2 
 .rodata.str1.4
                0x0044ceb0        0x4 c:/program files (x86)/atmel/studio/7.0/toolchain/arm/arm-gnu-toolchain/bin/../lib/gcc/arm-none-eabi/6.3.1/../../../../arm-none-eabi/lib/thumb/v7e-m\libc.a(lib_a-locale.o)
                                  0x2 (size before relaxing)
 .rodata._ctype_
                0x0044ceb4      0x101 c:/program files (x86)/atmel/studio/7.0/toolchain/arm/arm-gnu-toolchain/bin/../lib/gcc/arm-none-eabi/6.3.1/../../../../arm-none-eabi/lib/thumb/v7e-m\libc.a(lib_a-ctype_.o)
                0x0044ceb4                _ctype_
 *(.ARM.extab* .gnu.linkonce.armextab.*)
                0x0044cfb8                . = ALIGN (0x4)
 *fill*         0x0044cfb5        0x3 
 *(.init)
 .init          0x0044cfb8        0x4 c:/program files (x86)/atmel/studio/7.0/toolchain/arm/arm-gnu-toolchain/bin/../lib/gcc/arm-none-eabi/6.3.1/thumb/v7e-m/crti.o
                0x0044cfb8                _init
 .init          0x0044cfbc        0x8 c:/program files (x86)/atmel/studio/7.0/toolchain/arm/arm-gnu-toolchain/bin/../lib/gcc/arm-none-eabi/6.3.1/thumb/v7e-m/crtn.o
                0x0044cfc4                . = ALIGN (0x4)
                0x0044cfc4                __preinit_array_start = .
 *(.preinit_array)
                0x0044cfc4                __preinit_array_end = .
                0x0044cfc4                . = ALIGN (0x4)
                0x0044cfc4                __init_array_start = .
 *(SORT(.init_array.*))
 .init_array.00000
                0x0044cfc4        0x4 c:/program files (x86)/atmel/studio/7.0/toolchain/arm/arm-gnu-toolchain/bin/../lib/gcc/arm-none-eabi/6.3.1/../../../../arm-none-eabi/lib/thumb/v7e-m\libc.a(lib_a-__call_atexit.o)
 *(.init_array)
 .init_array    0x0044cfc8        0x4 c:/program files (x86)/atmel/studio/7.0/toolchain/arm/arm-gnu-toolchain/bin/../lib/gcc/arm-none-eabi/6.3.1/thumb/v7e-m/crtbegin.o
                0x0044cfcc                __init_array_end = .
                0x0044cfcc                . = ALIGN (0x4)
 *crtbegin.o(.ctors)
 *(EXCLUDE_FILE(*crtend.o) .ctors)
 *(SORT(.ctors.*))
 *crtend.o(.ctors)
                0x0044cfcc                . = ALIGN (0x4)
 *(.fini)
 .fini          0x0044cfcc        0x4 c:/program files (x86)/atmel/studio/7.0/toolchain/arm/arm-gnu-toolchain/bin/../lib/gcc/arm-none-eabi/6.3.1/thumb/v7e-m/crti.o
                0x0044cfcc                _fini
 .fini          0x0044cfd0        0x8 c:/program files (x86)/atmel/studio/7.0/toolchain/arm/arm-gnu-toolchain/bin/../lib/gcc/arm-none-eabi/6.3.1/thumb/v7e-m/crtn.o
                0x0044cfd8                . = ALIGN (0x4)
                0x0044cfd8                __fini_array_start = .
 *(.fini_array)
 .fini_array    0x0044cfd8        0x4 c:/program files (x86)/atmel/studio/7.0/toolchain/arm/arm-gnu-toolchain/bin/../lib/gcc/arm-none-eabi/6.3.1/thumb/v7e-m/crtbegin.o
 *(SORT(.fini_array.*))
                0x0044cfdc                __fini_array_end = .
 *crtbegin.o(.dtors)
 *(EXCLUDE_FILE(*crtend.o) .dtors)
 *(SORT(.dtors.*))
 *crtend.o(.dtors)
                0x0044cfdc                . = ALIGN (0x4)
                0x0044cfdc                _efixed = .
                [!provide]                PROVIDE (__exidx_start, .)

.vfp11_veneer   0x0044cfdc        0x0
 .vfp11_veneer  0x0044cfdc        0x0 linker stubs

.v4_bx          0x0044cfdc        0x0
 .v4_bx         0x0044cfdc        0x0 linker stubs

.iplt           0x0044cfdc        0x0
 .iplt          0x0044cfdc        0x0 c:/program files (x86)/atmel/studio/7.0/toolchain/arm/arm-gnu-toolchain/bin/../lib/gcc/arm-none-eabi/6.3.1/thumb/v7e-m/crtbegin.o

.ARM.exidx      0x0044cfdc        0x8
 *(.ARM.exidx* .gnu.linkonce.armexidx.*)
 .ARM.exidx     0x0044cfdc        0x8 c:/program files (x86)/atmel/studio/7.0/toolchain/arm/arm-gnu-toolchain/bin/../lib/gcc/arm-none-eabi/6.3.1/thumb/v7e-m\libgcc.a(_udivmoddi4.o)
                [!provide]                PROVIDE (__exidx_end, .)

.eh_frame       0x0044cfe4        0x0
 .eh_frame      0x0044cfe4        0x0 c:/program files (x86)/atmel/studio/7.0/toolchain/arm/arm-gnu-toolchain/bin/../lib/gcc/arm-none-eabi/6.3.1/thumb/v7e-m/crtbegin.o

.rel.dyn        0x0044cfe4        0x0
 .rel.iplt      0x0044cfe4        0x0 c:/program files (x86)/atmel/studio/7.0/toolchain/arm/arm-gnu-toolchain/bin/../lib/gcc/arm-none-eabi/6.3.1/thumb/v7e-m/crtbegin.o

.jcr            0x0044cfe4        0x0
 .jcr           0x0044cfe4        0x0 c:/program files (x86)/atmel/studio/7.0/toolchain/arm/arm-gnu-toolchain/bin/../lib/gcc/arm-none-eabi/6.3.1/thumb/v7e-m/crtbegin.o

.igot.plt       0x0044cfe4        0x0
 .igot.plt      0x0044cfe4        0x0 c:/program files (x86)/atmel/studio/7.0/toolchain/arm/arm-gnu-toolchain/bin/../lib/gcc/arm-none-eabi/6.3.1/thumb/v7e-m/crtbegin.o
                0x0044cfe4                . = ALIGN (0x4)
                0x0044cfe4                _etext = .

.relocate       0x20400000      0x9b8 load address 0x0044cfe4
                0x20400000                . = ALIGN (0x4)
                0x20400000                _srelocate = .
 *(.ramfunc .ramfunc.*)
 *(.data .data.*)
 .data.g_interrupt_enabled
                0x20400000        0x1 src/ASF/common/utils/interrupt/interrupt_sam_nvic.o
                0x20400000                g_interrupt_enabled
 *fill*         0x20400001        0x3 
 .data.SystemCoreClock
                0x20400004        0x4 src/ASF/sam/utils/cmsis/same70/source/templates/system_same70.o
                0x20400004                SystemCoreClock
 .data._impure_ptr
                0x20400008        0x4 c:/program files (x86)/atmel/studio/7.0/toolchain/arm/arm-gnu-toolchain/bin/../lib/gcc/arm-none-eabi/6.3.1/../../../../arm-none-eabi/lib/thumb/v7e-m\libc.a(lib_a-impure.o)
                0x20400008                _impure_ptr
 *fill*         0x2040000c        0x4 
 .data.impure_data
                0x20400010      0x428 c:/program files (x86)/atmel/studio/7.0/toolchain/arm/arm-gnu-toolchain/bin/../lib/gcc/arm-none-eabi/6.3.1/../../../../arm-none-eabi/lib/thumb/v7e-m\libc.a(lib_a-impure.o)
 .data.__atexit_recursive_mutex
                0x20400438        0x4 c:/program files (x86)/atmel/studio/7.0/toolchain/arm/arm-gnu-toolchain/bin/../lib/gcc/arm-none-eabi/6.3.1/../../../../arm-none-eabi/lib/thumb/v7e-m\libc.a(lib_a-__call_atexit.o)
                0x20400438                __atexit_recursive_mutex
 .data.__malloc_av_
                0x2040043c      0x408 c:/program files (x86)/atmel/studio/7.0/toolchain/arm/arm-gnu-toolchain/bin/../lib/gcc/arm-none-eabi/6.3.1/../../../../arm-none-eabi/lib/thumb/v7e-m\libc.a(lib_a-mallocr.o)
                0x2040043c                __malloc_av_
 .data.__malloc_sbrk_base
                0x20400844        0x4 c:/program files (x86)/atmel/studio/7.0/toolchain/arm/arm-gnu-toolchain/bin/../lib/gcc/arm-none-eabi/6.3.1/../../../../arm-none-eabi/lib/thumb/v7e-m\libc.a(lib_a-mallocr.o)
                0x20400844                __malloc_sbrk_base
 .data.__malloc_trim_threshold
                0x20400848        0x4 c:/program files (x86)/atmel/studio/7.0/toolchain/arm/arm-gnu-toolchain/bin/../lib/gcc/arm-none-eabi/6.3.1/../../../../arm-none-eabi/lib/thumb/v7e-m\libc.a(lib_a-mallocr.o)
                0x20400848                __malloc_trim_threshold
 .data.__global_locale
                0x2040084c      0x16c c:/program files (x86)/atmel/studio/7.0/toolchain/arm/arm-gnu-toolchain/bin/../lib/gcc/arm-none-eabi/6.3.1/../../../../arm-none-eabi/lib/thumb/v7e-m\libc.a(lib_a-locale.o)
                0x2040084c                __global_locale
                0x204009b8                . = ALIGN (0x4)
                0x204009b8                _erelocate = .

.bss            0x204009b8      0x4d0 load address 0x0044d99c
                0x204009b8                . = ALIGN (0x4)
                0x204009b8                _sbss = .
                0x204009b8                _szero = .
 *(.bss .bss.*)
 .bss           0x204009b8       0x1c c:/program files (x86)/atmel/studio/7.0/toolchain/arm/arm-gnu-toolchain/bin/../lib/gcc/arm-none-eabi/6.3.1/thumb/v7e-m/crtbegin.o
 .bss.g_wobits_in_rtt_mr
                0x204009d4        0x4 src/ASF/sam/drivers/rtt/rtt.o
 .bss.dis       0x204009d8        0x4 src/main.o
                0x204009d8                dis
 .bss.but_flag  0x204009dc        0x4 src/main.o
                0x204009dc                but_flag
 .bss.f_rtt_alarme
                0x204009e0        0x1 src/main.o
                0x204009e0                f_rtt_alarme
 .bss.flag_RTC  0x204009e1        0x1 src/main.o
                0x204009e1                flag_RTC
 *fill*         0x204009e2        0x2 
 .bss.g_ul_pixel_cache
                0x204009e4      0x3c0 src/ASF/sam/components/display/ili9488/ili9488.o
 .bss.gs_interrupt_sources
                0x20400da4       0x70 src/ASF/sam/drivers/pio/pio_handler.o
 .bss.gs_ul_nb_sources
                0x20400e14        0x4 src/ASF/sam/drivers/pio/pio_handler.o
 .bss.heap.6420
                0x20400e18        0x4 src/ASF/sam/utils/syscalls/gcc/syscalls.o
 .bss.__malloc_current_mallinfo
                0x20400e1c       0x28 c:/program files (x86)/atmel/studio/7.0/toolchain/arm/arm-gnu-toolchain/bin/../lib/gcc/arm-none-eabi/6.3.1/../../../../arm-none-eabi/lib/thumb/v7e-m\libc.a(lib_a-mallocr.o)
                0x20400e1c                __malloc_current_mallinfo
 .bss.__malloc_max_sbrked_mem
                0x20400e44        0x4 c:/program files (x86)/atmel/studio/7.0/toolchain/arm/arm-gnu-toolchain/bin/../lib/gcc/arm-none-eabi/6.3.1/../../../../arm-none-eabi/lib/thumb/v7e-m\libc.a(lib_a-mallocr.o)
                0x20400e44                __malloc_max_sbrked_mem
 .bss.__malloc_max_total_mem
                0x20400e48        0x4 c:/program files (x86)/atmel/studio/7.0/toolchain/arm/arm-gnu-toolchain/bin/../lib/gcc/arm-none-eabi/6.3.1/../../../../arm-none-eabi/lib/thumb/v7e-m\libc.a(lib_a-mallocr.o)
                0x20400e48                __malloc_max_total_mem
 .bss.__malloc_top_pad
                0x20400e4c        0x4 c:/program files (x86)/atmel/studio/7.0/toolchain/arm/arm-gnu-toolchain/bin/../lib/gcc/arm-none-eabi/6.3.1/../../../../arm-none-eabi/lib/thumb/v7e-m\libc.a(lib_a-mallocr.o)
                0x20400e4c                __malloc_top_pad
 *(COMMON)
 COMMON         0x20400e50       0x10 src/main.o
                0x20400e50                g_ili9488_display_opt
 COMMON         0x20400e60       0x21 c:/program files (x86)/atmel/studio/7.0/toolchain/arm/arm-gnu-toolchain/bin/../lib/gcc/arm-none-eabi/6.3.1/../../../../arm-none-eabi/lib/thumb/v7e-m\libc.a(lib_a-lock.o)
                0x20400e60                __lock___atexit_recursive_mutex
                0x20400e64                __lock___arc4random_mutex
                0x20400e68                __lock___env_recursive_mutex
                0x20400e6c                __lock___sinit_recursive_mutex
                0x20400e70                __lock___malloc_recursive_mutex
                0x20400e74                __lock___at_quick_exit_mutex
                0x20400e78                __lock___dd_hash_mutex
                0x20400e7c                __lock___tz_mutex
                0x20400e80                __lock___sfp_recursive_mutex
 *fill*         0x20400e81        0x3 
 COMMON         0x20400e84        0x4 c:/program files (x86)/atmel/studio/7.0/toolchain/arm/arm-gnu-toolchain/bin/../lib/gcc/arm-none-eabi/6.3.1/../../../../arm-none-eabi/lib/thumb/v7e-m\libc.a(lib_a-reent.o)
                0x20400e84                errno
                0x20400e88                . = ALIGN (0x4)
                0x20400e88                _ebss = .
                0x20400e88                _ezero = .

.stack          0x20400e88     0x2000 load address 0x0044de6c
                0x20400e88                . = ALIGN (0x8)
                0x20400e88                _sstack = .
                0x20402e88                . = (. + STACK_SIZE)
 *fill*         0x20400e88     0x2000 
                0x20402e88                . = ALIGN (0x8)
                0x20402e88                _estack = .

.heap           0x20402e88      0x200 load address 0x0044fe6c
                0x20402e88                . = ALIGN (0x8)
                0x20402e88                _sheap = .
                0x20403088                . = (. + HEAP_SIZE)
 *fill*         0x20402e88      0x200 
                0x20403088                . = ALIGN (0x8)
                0x20403088                _eheap = .
                0x20403088                . = ALIGN (0x4)
                0x20403088                _end = .
                0x2045ffff                _ram_end_ = ((ORIGIN (ram) + LENGTH (ram)) - 0x1)
OUTPUT(SAME70_FONTS.elf elf32-littlearm)

.ARM.attributes
                0x00000000       0x2e
 .ARM.attributes
                0x00000000       0x1e c:/program files (x86)/atmel/studio/7.0/toolchain/arm/arm-gnu-toolchain/bin/../lib/gcc/arm-none-eabi/6.3.1/thumb/v7e-m/crti.o
 .ARM.attributes
                0x0000001e       0x2e c:/program files (x86)/atmel/studio/7.0/toolchain/arm/arm-gnu-toolchain/bin/../lib/gcc/arm-none-eabi/6.3.1/thumb/v7e-m/crtbegin.o
 .ARM.attributes
                0x0000004c       0x37 src/ASF/sam/drivers/rtc/rtc.o
 .ARM.attributes
                0x00000083       0x37 src/ASF/sam/drivers/rtt/rtt.o
 .ARM.attributes
                0x000000ba       0x37 src/main.o
 .ARM.attributes
                0x000000f1       0x37 src/ASF/common/services/spi/sam_spi/spi_master.o
 .ARM.attributes
                0x00000128       0x37 src/ASF/sam/components/display/ili9488/ili9488.o
 .ARM.attributes
                0x0000015f       0x37 src/ASF/sam/drivers/spi/spi.o
 .ARM.attributes
                0x00000196       0x37 src/ASF/common/services/clock/same70/sysclk.o
 .ARM.attributes
                0x000001cd       0x37 src/ASF/common/utils/interrupt/interrupt_sam_nvic.o
 .ARM.attributes
                0x00000204       0x37 src/ASF/sam/boards/same70_xplained/init.o
 .ARM.attributes
                0x0000023b       0x37 src/ASF/sam/drivers/pio/pio.o
 .ARM.attributes
                0x00000272       0x37 src/ASF/sam/drivers/pio/pio_handler.o
 .ARM.attributes
                0x000002a9       0x37 src/ASF/sam/drivers/pmc/pmc.o
 .ARM.attributes
                0x000002e0       0x37 src/ASF/sam/utils/cmsis/same70/source/templates/gcc/startup_same70.o
 .ARM.attributes
                0x00000317       0x37 src/ASF/sam/utils/cmsis/same70/source/templates/system_same70.o
 .ARM.attributes
                0x0000034e       0x37 src/ASF/sam/utils/syscalls/gcc/syscalls.o
 .ARM.attributes
                0x00000385       0x1e c:/program files (x86)/atmel/studio/7.0/toolchain/arm/arm-gnu-toolchain/bin/../lib/gcc/arm-none-eabi/6.3.1/thumb/v7e-m\libgcc.a(_arm_addsubdf3.o)
 .ARM.attributes
                0x000003a3       0x1e c:/program files (x86)/atmel/studio/7.0/toolchain/arm/arm-gnu-toolchain/bin/../lib/gcc/arm-none-eabi/6.3.1/thumb/v7e-m\libgcc.a(_arm_muldivdf3.o)
 .ARM.attributes
                0x000003c1       0x1e c:/program files (x86)/atmel/studio/7.0/toolchain/arm/arm-gnu-toolchain/bin/../lib/gcc/arm-none-eabi/6.3.1/thumb/v7e-m\libgcc.a(_arm_fixdfsi.o)
 .ARM.attributes
                0x000003df       0x2e c:/program files (x86)/atmel/studio/7.0/toolchain/arm/arm-gnu-toolchain/bin/../lib/gcc/arm-none-eabi/6.3.1/../../../../arm-none-eabi/lib/thumb/v7e-m\libc.a(lib_a-impure.o)
 .ARM.attributes
                0x0000040d       0x2e c:/program files (x86)/atmel/studio/7.0/toolchain/arm/arm-gnu-toolchain/bin/../lib/gcc/arm-none-eabi/6.3.1/../../../../arm-none-eabi/lib/thumb/v7e-m\libc.a(lib_a-init.o)
 .ARM.attributes
                0x0000043b       0x2e c:/program files (x86)/atmel/studio/7.0/toolchain/arm/arm-gnu-toolchain/bin/../lib/gcc/arm-none-eabi/6.3.1/../../../../arm-none-eabi/lib/thumb/v7e-m\libc.a(lib_a-memset.o)
 .ARM.attributes
                0x00000469       0x2e c:/program files (x86)/atmel/studio/7.0/toolchain/arm/arm-gnu-toolchain/bin/../lib/gcc/arm-none-eabi/6.3.1/../../../../arm-none-eabi/lib/thumb/v7e-m\libc.a(lib_a-sprintf.o)
 .ARM.attributes
                0x00000497       0x2e c:/program files (x86)/atmel/studio/7.0/toolchain/arm/arm-gnu-toolchain/bin/../lib/gcc/arm-none-eabi/6.3.1/../../../../arm-none-eabi/lib/thumb/v7e-m\libc.a(lib_a-svfprintf.o)
 .ARM.attributes
                0x000004c5       0x2e c:/program files (x86)/atmel/studio/7.0/toolchain/arm/arm-gnu-toolchain/bin/../lib/gcc/arm-none-eabi/6.3.1/../../../../arm-none-eabi/lib/thumb/v7e-m\libc.a(lib_a-__call_atexit.o)
 .ARM.attributes
                0x000004f3       0x2e c:/program files (x86)/atmel/studio/7.0/toolchain/arm/arm-gnu-toolchain/bin/../lib/gcc/arm-none-eabi/6.3.1/../../../../arm-none-eabi/lib/thumb/v7e-m\libc.a(lib_a-atexit.o)
 .ARM.attributes
                0x00000521       0x2e c:/program files (x86)/atmel/studio/7.0/toolchain/arm/arm-gnu-toolchain/bin/../lib/gcc/arm-none-eabi/6.3.1/../../../../arm-none-eabi/lib/thumb/v7e-m\libc.a(lib_a-dtoa.o)
 .ARM.attributes
                0x0000054f       0x2e c:/program files (x86)/atmel/studio/7.0/toolchain/arm/arm-gnu-toolchain/bin/../lib/gcc/arm-none-eabi/6.3.1/../../../../arm-none-eabi/lib/thumb/v7e-m\libc.a(lib_a-fini.o)
 .ARM.attributes
                0x0000057d       0x2e c:/program files (x86)/atmel/studio/7.0/toolchain/arm/arm-gnu-toolchain/bin/../lib/gcc/arm-none-eabi/6.3.1/../../../../arm-none-eabi/lib/thumb/v7e-m\libc.a(lib_a-localeconv.o)
 .ARM.attributes
                0x000005ab       0x2e c:/program files (x86)/atmel/studio/7.0/toolchain/arm/arm-gnu-toolchain/bin/../lib/gcc/arm-none-eabi/6.3.1/../../../../arm-none-eabi/lib/thumb/v7e-m\libc.a(lib_a-lock.o)
 .ARM.attributes
                0x000005d9       0x2e c:/program files (x86)/atmel/studio/7.0/toolchain/arm/arm-gnu-toolchain/bin/../lib/gcc/arm-none-eabi/6.3.1/../../../../arm-none-eabi/lib/thumb/v7e-m\libc.a(lib_a-mallocr.o)
 .ARM.attributes
                0x00000607       0x1c c:/program files (x86)/atmel/studio/7.0/toolchain/arm/arm-gnu-toolchain/bin/../lib/gcc/arm-none-eabi/6.3.1/../../../../arm-none-eabi/lib/thumb/v7e-m\libc.a(lib_a-memchr.o)
 .ARM.attributes
                0x00000623       0x1c c:/program files (x86)/atmel/studio/7.0/toolchain/arm/arm-gnu-toolchain/bin/../lib/gcc/arm-none-eabi/6.3.1/../../../../arm-none-eabi/lib/thumb/v7e-m\libc.a(lib_a-memcpy.o)
 .ARM.attributes
                0x0000063f       0x2e c:/program files (x86)/atmel/studio/7.0/toolchain/arm/arm-gnu-toolchain/bin/../lib/gcc/arm-none-eabi/6.3.1/../../../../arm-none-eabi/lib/thumb/v7e-m\libc.a(lib_a-mlock.o)
 .ARM.attributes
                0x0000066d       0x2e c:/program files (x86)/atmel/studio/7.0/toolchain/arm/arm-gnu-toolchain/bin/../lib/gcc/arm-none-eabi/6.3.1/../../../../arm-none-eabi/lib/thumb/v7e-m\libc.a(lib_a-mprec.o)
 .ARM.attributes
                0x0000069b       0x2e c:/program files (x86)/atmel/studio/7.0/toolchain/arm/arm-gnu-toolchain/bin/../lib/gcc/arm-none-eabi/6.3.1/../../../../arm-none-eabi/lib/thumb/v7e-m\libc.a(lib_a-sbrkr.o)
 .ARM.attributes
                0x000006c9       0x1c c:/program files (x86)/atmel/studio/7.0/toolchain/arm/arm-gnu-toolchain/bin/../lib/gcc/arm-none-eabi/6.3.1/../../../../arm-none-eabi/lib/thumb/v7e-m\libc.a(lib_a-strlen.o)
 .ARM.attributes
                0x000006e5       0x2e c:/program files (x86)/atmel/studio/7.0/toolchain/arm/arm-gnu-toolchain/bin/../lib/gcc/arm-none-eabi/6.3.1/../../../../arm-none-eabi/lib/thumb/v7e-m\libc.a(lib_a-svfiprintf.o)
 .ARM.attributes
                0x00000713       0x2e c:/program files (x86)/atmel/studio/7.0/toolchain/arm/arm-gnu-toolchain/bin/../lib/gcc/arm-none-eabi/6.3.1/../../../../arm-none-eabi/lib/thumb/v7e-m\libc.a(lib_a-__atexit.o)
 .ARM.attributes
                0x00000741       0x2e c:/program files (x86)/atmel/studio/7.0/toolchain/arm/arm-gnu-toolchain/bin/../lib/gcc/arm-none-eabi/6.3.1/../../../../arm-none-eabi/lib/thumb/v7e-m\libc.a(lib_a-callocr.o)
 .ARM.attributes
                0x0000076f       0x2e c:/program files (x86)/atmel/studio/7.0/toolchain/arm/arm-gnu-toolchain/bin/../lib/gcc/arm-none-eabi/6.3.1/../../../../arm-none-eabi/lib/thumb/v7e-m\libc.a(lib_a-freer.o)
 .ARM.attributes
                0x0000079d       0x2e c:/program files (x86)/atmel/studio/7.0/toolchain/arm/arm-gnu-toolchain/bin/../lib/gcc/arm-none-eabi/6.3.1/../../../../arm-none-eabi/lib/thumb/v7e-m\libc.a(lib_a-locale.o)
 .ARM.attributes
                0x000007cb       0x2e c:/program files (x86)/atmel/studio/7.0/toolchain/arm/arm-gnu-toolchain/bin/../lib/gcc/arm-none-eabi/6.3.1/../../../../arm-none-eabi/lib/thumb/v7e-m\libc.a(lib_a-mbtowc_r.o)
 .ARM.attributes
                0x000007f9       0x2e c:/program files (x86)/atmel/studio/7.0/toolchain/arm/arm-gnu-toolchain/bin/../lib/gcc/arm-none-eabi/6.3.1/../../../../arm-none-eabi/lib/thumb/v7e-m\libc.a(lib_a-memmove.o)
 .ARM.attributes
                0x00000827       0x2e c:/program files (x86)/atmel/studio/7.0/toolchain/arm/arm-gnu-toolchain/bin/../lib/gcc/arm-none-eabi/6.3.1/../../../../arm-none-eabi/lib/thumb/v7e-m\libc.a(lib_a-reallocr.o)
 .ARM.attributes
                0x00000855       0x2e c:/program files (x86)/atmel/studio/7.0/toolchain/arm/arm-gnu-toolchain/bin/../lib/gcc/arm-none-eabi/6.3.1/../../../../arm-none-eabi/lib/thumb/v7e-m\libc.a(lib_a-reent.o)
 .ARM.attributes
                0x00000883       0x2e c:/program files (x86)/atmel/studio/7.0/toolchain/arm/arm-gnu-toolchain/bin/../lib/gcc/arm-none-eabi/6.3.1/../../../../arm-none-eabi/lib/thumb/v7e-m\libc.a(lib_a-wctomb_r.o)
 .ARM.attributes
                0x000008b1       0x2e c:/program files (x86)/atmel/studio/7.0/toolchain/arm/arm-gnu-toolchain/bin/../lib/gcc/arm-none-eabi/6.3.1/../../../../arm-none-eabi/lib/thumb/v7e-m\libc.a(lib_a-ctype_.o)
 .ARM.attributes
                0x000008df       0x1e c:/program files (x86)/atmel/studio/7.0/toolchain/arm/arm-gnu-toolchain/bin/../lib/gcc/arm-none-eabi/6.3.1/thumb/v7e-m\libgcc.a(_arm_cmpdf2.o)
 .ARM.attributes
                0x000008fd       0x1e c:/program files (x86)/atmel/studio/7.0/toolchain/arm/arm-gnu-toolchain/bin/../lib/gcc/arm-none-eabi/6.3.1/thumb/v7e-m\libgcc.a(_arm_unorddf2.o)
 .ARM.attributes
                0x0000091b       0x1e c:/program files (x86)/atmel/studio/7.0/toolchain/arm/arm-gnu-toolchain/bin/../lib/gcc/arm-none-eabi/6.3.1/thumb/v7e-m\libgcc.a(_aeabi_uldivmod.o)
 .ARM.attributes
                0x00000939       0x2e c:/program files (x86)/atmel/studio/7.0/toolchain/arm/arm-gnu-toolchain/bin/../lib/gcc/arm-none-eabi/6.3.1/thumb/v7e-m\libgcc.a(_udivmoddi4.o)
 .ARM.attributes
                0x00000967       0x1e c:/program files (x86)/atmel/studio/7.0/toolchain/arm/arm-gnu-toolchain/bin/../lib/gcc/arm-none-eabi/6.3.1/thumb/v7e-m\libgcc.a(_dvmd_tls.o)
 .ARM.attributes
                0x00000985       0x1e c:/program files (x86)/atmel/studio/7.0/toolchain/arm/arm-gnu-toolchain/bin/../lib/gcc/arm-none-eabi/6.3.1/thumb/v7e-m/crtn.o

.comment        0x00000000       0x59
 .comment       0x00000000       0x59 src/ASF/sam/drivers/rtc/rtc.o
                                 0x5a (size before relaxing)
 .comment       0x00000059       0x5a src/ASF/sam/drivers/rtt/rtt.o
 .comment       0x00000059       0x5a src/main.o
 .comment       0x00000059       0x5a src/ASF/common/services/spi/sam_spi/spi_master.o
 .comment       0x00000059       0x5a src/ASF/sam/components/display/ili9488/ili9488.o
 .comment       0x00000059       0x5a src/ASF/sam/drivers/spi/spi.o
 .comment       0x00000059       0x5a src/ASF/common/services/clock/same70/sysclk.o
 .comment       0x00000059       0x5a src/ASF/common/utils/interrupt/interrupt_sam_nvic.o
 .comment       0x00000059       0x5a src/ASF/sam/boards/same70_xplained/init.o
 .comment       0x00000059       0x5a src/ASF/sam/drivers/pio/pio.o
 .comment       0x00000059       0x5a src/ASF/sam/drivers/pio/pio_handler.o
 .comment       0x00000059       0x5a src/ASF/sam/drivers/pmc/pmc.o
 .comment       0x00000059       0x5a src/ASF/sam/utils/cmsis/same70/source/templates/gcc/startup_same70.o
 .comment       0x00000059       0x5a src/ASF/sam/utils/cmsis/same70/source/templates/system_same70.o
 .comment       0x00000059       0x5a src/ASF/sam/utils/syscalls/gcc/syscalls.o

.debug_info     0x00000000    0x15559
 .debug_info    0x00000000     0x1158 src/ASF/sam/drivers/rtc/rtc.o
 .debug_info    0x00001158      0xcaf src/ASF/sam/drivers/rtt/rtt.o
 .debug_info    0x00001e07     0x35bb src/main.o
 .debug_info    0x000053c2     0x143e src/ASF/common/services/spi/sam_spi/spi_master.o
 .debug_info    0x00006800     0x208c src/ASF/sam/components/display/ili9488/ili9488.o
 .debug_info    0x0000888c     0x1123 src/ASF/sam/drivers/spi/spi.o
 .debug_info    0x000099af     0x1311 src/ASF/common/services/clock/same70/sysclk.o
 .debug_info    0x0000acc0      0xb06 src/ASF/common/utils/interrupt/interrupt_sam_nvic.o
 .debug_info    0x0000b7c6     0x1dad src/ASF/sam/boards/same70_xplained/init.o
 .debug_info    0x0000d573     0x1ce3 src/ASF/sam/drivers/pio/pio.o
 .debug_info    0x0000f256     0x1a74 src/ASF/sam/drivers/pio/pio_handler.o
 .debug_info    0x00010cca     0x1eed src/ASF/sam/drivers/pmc/pmc.o
 .debug_info    0x00012bb7     0x1612 src/ASF/sam/utils/cmsis/same70/source/templates/gcc/startup_same70.o
 .debug_info    0x000141c9      0x5d4 src/ASF/sam/utils/cmsis/same70/source/templates/system_same70.o
 .debug_info    0x0001479d      0xdbc src/ASF/sam/utils/syscalls/gcc/syscalls.o

.debug_abbrev   0x00000000     0x278d
 .debug_abbrev  0x00000000      0x257 src/ASF/sam/drivers/rtc/rtc.o
 .debug_abbrev  0x00000257      0x203 src/ASF/sam/drivers/rtt/rtt.o
 .debug_abbrev  0x0000045a      0x38c src/main.o
 .debug_abbrev  0x000007e6      0x305 src/ASF/common/services/spi/sam_spi/spi_master.o
 .debug_abbrev  0x00000aeb      0x2f4 src/ASF/sam/components/display/ili9488/ili9488.o
 .debug_abbrev  0x00000ddf      0x2cf src/ASF/sam/drivers/spi/spi.o
 .debug_abbrev  0x000010ae      0x296 src/ASF/common/services/clock/same70/sysclk.o
 .debug_abbrev  0x00001344      0x214 src/ASF/common/utils/interrupt/interrupt_sam_nvic.o
 .debug_abbrev  0x00001558      0x3f4 src/ASF/sam/boards/same70_xplained/init.o
 .debug_abbrev  0x0000194c      0x296 src/ASF/sam/drivers/pio/pio.o
 .debug_abbrev  0x00001be2      0x2c9 src/ASF/sam/drivers/pio/pio_handler.o
 .debug_abbrev  0x00001eab      0x2ce src/ASF/sam/drivers/pmc/pmc.o
 .debug_abbrev  0x00002179      0x2e8 src/ASF/sam/utils/cmsis/same70/source/templates/gcc/startup_same70.o
 .debug_abbrev  0x00002461      0x102 src/ASF/sam/utils/cmsis/same70/source/templates/system_same70.o
 .debug_abbrev  0x00002563      0x22a src/ASF/sam/utils/syscalls/gcc/syscalls.o

.debug_loc      0x00000000     0x63fa
 .debug_loc     0x00000000      0x730 src/ASF/sam/drivers/rtc/rtc.o
 .debug_loc     0x00000730      0x330 src/ASF/sam/drivers/rtt/rtt.o
 .debug_loc     0x00000a60      0x44a src/main.o
 .debug_loc     0x00000eaa      0x830 src/ASF/common/services/spi/sam_spi/spi_master.o
 .debug_loc     0x000016da      0xd20 src/ASF/sam/components/display/ili9488/ili9488.o
 .debug_loc     0x000023fa      0x630 src/ASF/sam/drivers/spi/spi.o
 .debug_loc     0x00002a2a      0x4a0 src/ASF/common/services/clock/same70/sysclk.o
 .debug_loc     0x00002eca       0xa0 src/ASF/common/utils/interrupt/interrupt_sam_nvic.o
 .debug_loc     0x00002f6a      0x2fc src/ASF/sam/boards/same70_xplained/init.o
 .debug_loc     0x00003266     0x1174 src/ASF/sam/drivers/pio/pio.o
 .debug_loc     0x000043da      0x38c src/ASF/sam/drivers/pio/pio_handler.o
 .debug_loc     0x00004766     0x1744 src/ASF/sam/drivers/pmc/pmc.o
 .debug_loc     0x00005eaa      0x16c src/ASF/sam/utils/cmsis/same70/source/templates/gcc/startup_same70.o
 .debug_loc     0x00006016       0xe4 src/ASF/sam/utils/cmsis/same70/source/templates/system_same70.o
 .debug_loc     0x000060fa      0x300 src/ASF/sam/utils/syscalls/gcc/syscalls.o

.debug_aranges  0x00000000      0xb00
 .debug_aranges
                0x00000000       0xb8 src/ASF/sam/drivers/rtc/rtc.o
 .debug_aranges
                0x000000b8       0x60 src/ASF/sam/drivers/rtt/rtt.o
 .debug_aranges
                0x00000118       0x88 src/main.o
 .debug_aranges
                0x000001a0       0xe0 src/ASF/common/services/spi/sam_spi/spi_master.o
 .debug_aranges
                0x00000280      0x168 src/ASF/sam/components/display/ili9488/ili9488.o
 .debug_aranges
                0x000003e8       0xa8 src/ASF/sam/drivers/spi/spi.o
 .debug_aranges
                0x00000490       0x98 src/ASF/common/services/clock/same70/sysclk.o
 .debug_aranges
                0x00000528       0x28 src/ASF/common/utils/interrupt/interrupt_sam_nvic.o
 .debug_aranges
                0x00000550       0x68 src/ASF/sam/boards/same70_xplained/init.o
 .debug_aranges
                0x000005b8      0x1a8 src/ASF/sam/drivers/pio/pio.o
 .debug_aranges
                0x00000760       0x80 src/ASF/sam/drivers/pio/pio_handler.o
 .debug_aranges
                0x000007e0      0x250 src/ASF/sam/drivers/pmc/pmc.o
 .debug_aranges
                0x00000a30       0x40 src/ASF/sam/utils/cmsis/same70/source/templates/gcc/startup_same70.o
 .debug_aranges
                0x00000a70       0x30 src/ASF/sam/utils/cmsis/same70/source/templates/system_same70.o
 .debug_aranges
                0x00000aa0       0x60 src/ASF/sam/utils/syscalls/gcc/syscalls.o

.debug_ranges   0x00000000      0xa88
 .debug_ranges  0x00000000       0xa8 src/ASF/sam/drivers/rtc/rtc.o
 .debug_ranges  0x000000a8       0x50 src/ASF/sam/drivers/rtt/rtt.o
 .debug_ranges  0x000000f8       0x78 src/main.o
 .debug_ranges  0x00000170       0xd0 src/ASF/common/services/spi/sam_spi/spi_master.o
 .debug_ranges  0x00000240      0x158 src/ASF/sam/components/display/ili9488/ili9488.o
 .debug_ranges  0x00000398       0x98 src/ASF/sam/drivers/spi/spi.o
 .debug_ranges  0x00000430       0x88 src/ASF/common/services/clock/same70/sysclk.o
 .debug_ranges  0x000004b8       0x18 src/ASF/common/utils/interrupt/interrupt_sam_nvic.o
 .debug_ranges  0x000004d0       0xd0 src/ASF/sam/boards/same70_xplained/init.o
 .debug_ranges  0x000005a0      0x198 src/ASF/sam/drivers/pio/pio.o
 .debug_ranges  0x00000738       0x70 src/ASF/sam/drivers/pio/pio_handler.o
 .debug_ranges  0x000007a8      0x240 src/ASF/sam/drivers/pmc/pmc.o
 .debug_ranges  0x000009e8       0x30 src/ASF/sam/utils/cmsis/same70/source/templates/gcc/startup_same70.o
 .debug_ranges  0x00000a18       0x20 src/ASF/sam/utils/cmsis/same70/source/templates/system_same70.o
 .debug_ranges  0x00000a38       0x50 src/ASF/sam/utils/syscalls/gcc/syscalls.o

.debug_macro    0x00000000    0x206c2
 .debug_macro   0x00000000      0x699 src/ASF/sam/drivers/rtc/rtc.o
 .debug_macro   0x00000699      0x8d4 src/ASF/sam/drivers/rtc/rtc.o
 .debug_macro   0x00000f6d      0x16d src/ASF/sam/drivers/rtc/rtc.o
 .debug_macro   0x000010da      0x6d7 src/ASF/sam/drivers/rtc/rtc.o
 .debug_macro   0x000017b1       0x76 src/ASF/sam/drivers/rtc/rtc.o
 .debug_macro   0x00001827       0x16 src/ASF/sam/drivers/rtc/rtc.o
 .debug_macro   0x0000183d      0x6da src/ASF/sam/drivers/rtc/rtc.o
 .debug_macro   0x00001f17       0x22 src/ASF/sam/drivers/rtc/rtc.o
 .debug_macro   0x00001f39       0x87 src/ASF/sam/drivers/rtc/rtc.o
 .debug_macro   0x00001fc0       0x51 src/ASF/sam/drivers/rtc/rtc.o
 .debug_macro   0x00002011       0xef src/ASF/sam/drivers/rtc/rtc.o
 .debug_macro   0x00002100       0x6a src/ASF/sam/drivers/rtc/rtc.o
 .debug_macro   0x0000216a      0x1df src/ASF/sam/drivers/rtc/rtc.o
 .debug_macro   0x00002349       0x51 src/ASF/sam/drivers/rtc/rtc.o